Archive member included to satisfy reference by file (symbol)

C:/ST/STM32CubeIDE_1.19.0/STM32CubeIDE/plugins/com.st.stm32cube.ide.mcu.externaltools.gnu-tools-for-stm32.13.3.rel1.win32_1.0.0.202411081344/tools/bin/../lib/gcc/arm-none-eabi/13.3.1/../../../../arm-none-eabi/lib/thumb/v7e-m+fp/hard\libc_nano.a(libc_a-exit.o)
                              C:/ST/STM32CubeIDE_1.19.0/STM32CubeIDE/plugins/com.st.stm32cube.ide.mcu.externaltools.gnu-tools-for-stm32.13.3.rel1.win32_1.0.0.202411081344/tools/bin/../lib/gcc/arm-none-eabi/13.3.1/../../../../arm-none-eabi/lib/thumb/v7e-m+fp/hard/crt0.o (exit)
C:/ST/STM32CubeIDE_1.19.0/STM32CubeIDE/plugins/com.st.stm32cube.ide.mcu.externaltools.gnu-tools-for-stm32.13.3.rel1.win32_1.0.0.202411081344/tools/bin/../lib/gcc/arm-none-eabi/13.3.1/../../../../arm-none-eabi/lib/thumb/v7e-m+fp/hard\libc_nano.a(libc_a-findfp.o)
                              C:/ST/STM32CubeIDE_1.19.0/STM32CubeIDE/plugins/com.st.stm32cube.ide.mcu.externaltools.gnu-tools-for-stm32.13.3.rel1.win32_1.0.0.202411081344/tools/bin/../lib/gcc/arm-none-eabi/13.3.1/../../../../arm-none-eabi/lib/thumb/v7e-m+fp/hard\libc_nano.a(libc_a-exit.o) (__stdio_exit_handler)
C:/ST/STM32CubeIDE_1.19.0/STM32CubeIDE/plugins/com.st.stm32cube.ide.mcu.externaltools.gnu-tools-for-stm32.13.3.rel1.win32_1.0.0.202411081344/tools/bin/../lib/gcc/arm-none-eabi/13.3.1/../../../../arm-none-eabi/lib/thumb/v7e-m+fp/hard\libc_nano.a(libc_a-fwalk.o)
                              C:/ST/STM32CubeIDE_1.19.0/STM32CubeIDE/plugins/com.st.stm32cube.ide.mcu.externaltools.gnu-tools-for-stm32.13.3.rel1.win32_1.0.0.202411081344/tools/bin/../lib/gcc/arm-none-eabi/13.3.1/../../../../arm-none-eabi/lib/thumb/v7e-m+fp/hard\libc_nano.a(libc_a-findfp.o) (_fwalk_sglue)
C:/ST/STM32CubeIDE_1.19.0/STM32CubeIDE/plugins/com.st.stm32cube.ide.mcu.externaltools.gnu-tools-for-stm32.13.3.rel1.win32_1.0.0.202411081344/tools/bin/../lib/gcc/arm-none-eabi/13.3.1/../../../../arm-none-eabi/lib/thumb/v7e-m+fp/hard\libc_nano.a(libc_a-stdio.o)
                              C:/ST/STM32CubeIDE_1.19.0/STM32CubeIDE/plugins/com.st.stm32cube.ide.mcu.externaltools.gnu-tools-for-stm32.13.3.rel1.win32_1.0.0.202411081344/tools/bin/../lib/gcc/arm-none-eabi/13.3.1/../../../../arm-none-eabi/lib/thumb/v7e-m+fp/hard\libc_nano.a(libc_a-findfp.o) (__sread)
C:/ST/STM32CubeIDE_1.19.0/STM32CubeIDE/plugins/com.st.stm32cube.ide.mcu.externaltools.gnu-tools-for-stm32.13.3.rel1.win32_1.0.0.202411081344/tools/bin/../lib/gcc/arm-none-eabi/13.3.1/../../../../arm-none-eabi/lib/thumb/v7e-m+fp/hard\libc_nano.a(libc_a-memset.o)
                              C:/ST/STM32CubeIDE_1.19.0/STM32CubeIDE/plugins/com.st.stm32cube.ide.mcu.externaltools.gnu-tools-for-stm32.13.3.rel1.win32_1.0.0.202411081344/tools/bin/../lib/gcc/arm-none-eabi/13.3.1/../../../../arm-none-eabi/lib/thumb/v7e-m+fp/hard/crt0.o (memset)
C:/ST/STM32CubeIDE_1.19.0/STM32CubeIDE/plugins/com.st.stm32cube.ide.mcu.externaltools.gnu-tools-for-stm32.13.3.rel1.win32_1.0.0.202411081344/tools/bin/../lib/gcc/arm-none-eabi/13.3.1/../../../../arm-none-eabi/lib/thumb/v7e-m+fp/hard\libc_nano.a(libc_a-strncmp.o)
                              ./USB_Device/App/usbd_cdc_if.o (strncmp)
C:/ST/STM32CubeIDE_1.19.0/STM32CubeIDE/plugins/com.st.stm32cube.ide.mcu.externaltools.gnu-tools-for-stm32.13.3.rel1.win32_1.0.0.202411081344/tools/bin/../lib/gcc/arm-none-eabi/13.3.1/../../../../arm-none-eabi/lib/thumb/v7e-m+fp/hard\libc_nano.a(libc_a-closer.o)
                              C:/ST/STM32CubeIDE_1.19.0/STM32CubeIDE/plugins/com.st.stm32cube.ide.mcu.externaltools.gnu-tools-for-stm32.13.3.rel1.win32_1.0.0.202411081344/tools/bin/../lib/gcc/arm-none-eabi/13.3.1/../../../../arm-none-eabi/lib/thumb/v7e-m+fp/hard\libc_nano.a(libc_a-stdio.o) (_close_r)
C:/ST/STM32CubeIDE_1.19.0/STM32CubeIDE/plugins/com.st.stm32cube.ide.mcu.externaltools.gnu-tools-for-stm32.13.3.rel1.win32_1.0.0.202411081344/tools/bin/../lib/gcc/arm-none-eabi/13.3.1/../../../../arm-none-eabi/lib/thumb/v7e-m+fp/hard\libc_nano.a(libc_a-reent.o)
                              C:/ST/STM32CubeIDE_1.19.0/STM32CubeIDE/plugins/com.st.stm32cube.ide.mcu.externaltools.gnu-tools-for-stm32.13.3.rel1.win32_1.0.0.202411081344/tools/bin/../lib/gcc/arm-none-eabi/13.3.1/../../../../arm-none-eabi/lib/thumb/v7e-m+fp/hard\libc_nano.a(libc_a-closer.o) (errno)
C:/ST/STM32CubeIDE_1.19.0/STM32CubeIDE/plugins/com.st.stm32cube.ide.mcu.externaltools.gnu-tools-for-stm32.13.3.rel1.win32_1.0.0.202411081344/tools/bin/../lib/gcc/arm-none-eabi/13.3.1/../../../../arm-none-eabi/lib/thumb/v7e-m+fp/hard\libc_nano.a(libc_a-impure.o)
                              C:/ST/STM32CubeIDE_1.19.0/STM32CubeIDE/plugins/com.st.stm32cube.ide.mcu.externaltools.gnu-tools-for-stm32.13.3.rel1.win32_1.0.0.202411081344/tools/bin/../lib/gcc/arm-none-eabi/13.3.1/../../../../arm-none-eabi/lib/thumb/v7e-m+fp/hard\libc_nano.a(libc_a-reent.o) (_impure_ptr)
[...]
Memory Configuration

Name             Origin             Length             Attributes
RAM              0x20000000         0x00008000         xrw
FLASH            0x08000000         0x00020000         xr
*default*        0x00000000         0xffffffff

Linker script and memory map

LOAD C:/ST/STM32CubeIDE_1.19.0/STM32CubeIDE/plugins/com.st.stm32cube.ide.mcu.externaltools.gnu-tools-for-stm32.13.3.rel1.win32_1.0.0.202411081344/tools/bin/../lib/gcc/arm-none-eabi/13.3.1/thumb/v7e-m+fp/hard/crti.o
LOAD C:/ST/STM32CubeIDE_1.19.0/STM32CubeIDE/plugins/com.st.stm32cube.ide.mcu.externaltools.gnu-tools-for-stm32.13.3.rel1.win32_1.0.0.202411081344/tools/bin/../lib/gcc/arm-none-eabi/13.3.1/thumb/v7e-m+fp/hard/crtbegin.o
LOAD C:/ST/STM32CubeIDE_1.19.0/STM32CubeIDE/plugins/com.st.stm32cube.ide.mcu.externaltools.gnu-tools-for-stm32.13.3.rel1.win32_1.0.0.202411081344/tools/bin/../lib/gcc/arm-none-eabi/13.3.1/../../../../arm-none-eabi/lib/thumb/v7e-m+fp/hard/crt0.o
LOAD ./Core/Src/main.o
LOAD ./Core/Src/stm32g4xx_hal_msp.o
LOAD ./Core/Src/stm32g4xx_it.o
LOAD ./Core/Src/syscalls.o
LOAD ./Core/Src/sysmem.o
LOAD ./Core/Src/system_stm32g4xx.o
LOAD ./Core/Startup/startup_stm32g431kbux.o
LOAD ./Drivers/STM32G4xx_HAL_Driver/Src/stm32g4xx_hal.o
LOAD ./Drivers/STM32G4xx_HAL_Driver/Src/stm32g4xx_hal_adc.o
LOAD ./Drivers/STM32G4xx_HAL_Driver/Src/stm32g4xx_hal_adc_ex.o
LOAD ./Drivers/STM32G4xx_HAL_Driver/Src/stm32g4xx_hal_cortex.o
LOAD ./Drivers/STM32G4xx_HAL_Driver/Src/stm32g4xx_hal_dac.o
LOAD ./Drivers/STM32G4xx_HAL_Driver/Src/stm32g4xx_hal_dac_ex.o
LOAD ./Drivers/STM32G4xx_HAL_Driver/Src/stm32g4xx_hal_dma.o
LOAD ./Drivers/STM32G4xx_HAL_Driver/Src/stm32g4xx_hal_dma_ex.o
LOAD ./Drivers/STM32G4xx_HAL_Driver/Src/stm32g4xx_hal_exti.o
LOAD ./Drivers/STM32G4xx_HAL_Driver/Src/stm32g4xx_hal_flash.o
LOAD ./Drivers/STM32G4xx_HAL_Driver/Src/stm32g4xx_hal_flash_ex.o
LOAD ./Drivers/STM32G4xx_HAL_Driver/Src/stm32g4xx_hal_flash_ramfunc.o
LOAD ./Drivers/STM32G4xx_HAL_Driver/Src/stm32g4xx_hal_gpio.o
LOAD ./Drivers/STM32G4xx_HAL_Driver/Src/stm32g4xx_hal_pcd.o
LOAD ./Drivers/STM32G4xx_HAL_Driver/Src/stm32g4xx_hal_pcd_ex.o
LOAD ./Drivers/STM32G4xx_HAL_Driver/Src/stm32g4xx_hal_pwr.o
LOAD ./Drivers/STM32G4xx_HAL_Driver/Src/stm32g4xx_hal_pwr_ex.o
LOAD ./Drivers/STM32G4xx_HAL_Driver/Src/stm32g4xx_hal_rcc.o
LOAD ./Drivers/STM32G4xx_HAL_Driver/Src/stm32g4xx_hal_rcc_ex.o
LOAD ./Drivers/STM32G4xx_HAL_Driver/Src/stm32g4xx_ll_adc.o
LOAD ./Drivers/STM32G4xx_HAL_Driver/Src/stm32g4xx_ll_usb.o
LOAD ./Middlewares/ST/STM32_USB_Device_Library/Class/CDC/Src/usbd_cdc.o
LOAD ./Middlewares/ST/STM32_USB_Device_Library/Core/Src/usbd_core.o
LOAD ./Middlewares/ST/STM32_USB_Device_Library/Core/Src/usbd_ctlreq.o
LOAD ./Middlewares/ST/STM32_USB_Device_Library/Core/Src/usbd_ioreq.o
LOAD ./USB_Device/App/usb_device.o
LOAD ./USB_Device/App/usbd_cdc_if.o
LOAD ./USB_Device/App/usbd_desc.o
LOAD ./USB_Device/Target/usbd_conf.o
START GROUP
LOAD C:/ST/STM32CubeIDE_1.19.0/STM32CubeIDE/plugins/com.st.stm32cube.ide.mcu.externaltools.gnu-tools-for-stm32.13.3.rel1.win32_1.0.0.202411081344/tools/bin/../lib/gcc/arm-none-eabi/13.3.1/../../../../arm-none-eabi/lib/thumb/v7e-m+fp/hard\libc_nano.a
LOAD C:/ST/STM32CubeIDE_1.19.0/STM32CubeIDE/plugins/com.st.stm32cube.ide.mcu.externaltools.gnu-tools-for-stm32.13.3.rel1.win32_1.0.0.202411081344/tools/bin/../lib/gcc/arm-none-eabi/13.3.1/../../../../arm-none-eabi/lib/thumb/v7e-m+fp/hard\libm.a
END GROUP
START GROUP
LOAD C:/ST/STM32CubeIDE_1.19.0/STM32CubeIDE/plugins/com.st.stm32cube.ide.mcu.externaltools.gnu-tools-for-stm32.13.3.rel1.win32_1.0.0.202411081344/tools/bin/../lib/gcc/arm-none-eabi/13.3.1/thumb/v7e-m+fp/hard\libgcc.a
LOAD C:/ST/STM32CubeIDE_1.19.0/STM32CubeIDE/plugins/com.st.stm32cube.ide.mcu.externaltools.gnu-tools-for-stm32.13.3.rel1.win32_1.0.0.202411081344/tools/bin/../lib/gcc/arm-none-eabi/13.3.1/../../../../arm-none-eabi/lib/thumb/v7e-m+fp/hard\libc_nano.a
END GROUP
START GROUP
LOAD C:/ST/STM32CubeIDE_1.19.0/STM32CubeIDE/plugins/com.st.stm32cube.ide.mcu.externaltools.gnu-tools-for-stm32.13.3.rel1.win32_1.0.0.202411081344/tools/bin/../lib/gcc/arm-none-eabi/13.3.1/thumb/v7e-m+fp/hard\libgcc.a
LOAD C:/ST/STM32CubeIDE_1.19.0/STM32CubeIDE/plugins/com.st.stm32cube.ide.mcu.externaltools.gnu-tools-for-stm32.13.3.rel1.win32_1.0.0.202411081344/tools/bin/../lib/gcc/arm-none-eabi/13.3.1/../../../../arm-none-eabi/lib/thumb/v7e-m+fp/hard\libc_nano.a
LOAD C:/ST/STM32CubeIDE_1.19.0/STM32CubeIDE/plugins/com.st.stm32cube.ide.mcu.externaltools.gnu-tools-for-stm32.13.3.rel1.win32_1.0.0.202411081344/tools/bin/../lib/gcc/arm-none-eabi/13.3.1/../../../../arm-none-eabi/lib/thumb/v7e-m+fp/hard\libnosys.a
END GROUP
START GROUP
LOAD C:/ST/STM32CubeIDE_1.19.0/STM32CubeIDE/plugins/com.st.stm32cube.ide.mcu.externaltools.gnu-tools-for-stm32.13.3.rel1.win32_1.0.0.202411081344/tools/bin/../lib/gcc/arm-none-eabi/13.3.1/thumb/v7e-m+fp/hard\libgcc.a
LOAD C:/ST/STM32CubeIDE_1.19.0/STM32CubeIDE/plugins/com.st.stm32cube.ide.mcu.externaltools.gnu-tools-for-stm32.13.3.rel1.win32_1.0.0.202411081344/tools/bin/../lib/gcc/arm-none-eabi/13.3.1/../../../../arm-none-eabi/lib/thumb/v7e-m+fp/hard\libc_nano.a
LOAD C:/ST/STM32CubeIDE_1.19.0/STM32CubeIDE/plugins/com.st.stm32cube.ide.mcu.externaltools.gnu-tools-for-stm32.13.3.rel1.win32_1.0.0.202411081344/tools/bin/../lib/gcc/arm-none-eabi/13.3.1/../../../../arm-none-eabi/lib/thumb/v7e-m+fp/hard\libnosys.a
END GROUP
LOAD C:/ST/STM32CubeIDE_1.19.0/STM32CubeIDE/plugins/com.st.stm32cube.ide.mcu.externaltools.gnu-tools-for-stm32.13.3.rel1.win32_1.0.0.202411081344/tools/bin/../lib/gcc/arm-none-eabi/13.3.1/thumb/v7e-m+fp/hard/crtend.o
LOAD C:/ST/STM32CubeIDE_1.19.0/STM32CubeIDE/plugins/com.st.stm32cube.ide.mcu.externaltools.gnu-tools-for-stm32.13.3.rel1.win32_1.0.0.202411081344/tools/bin/../lib/gcc/arm-none-eabi/13.3.1/thumb/v7e-m+fp/hard/crtn.o
                0x20008000                        _estack = (ORIGIN (RAM) + LENGTH (RAM))
                0x00000200                        _Min_Heap_Size = 0x200
                0x00000400                        _Min_Stack_Size = 0x400

.isr_vector     0x08000000      0x1d8
                0x08000000                        . = ALIGN (0x4)
 *(.isr_vector)
 .isr_vector    0x08000000      0x1d8 ./Core/Startup/startup_stm32g431kbux.o
                0x08000000                g_pfnVectors
                0x080001d8                        . = ALIGN (0x4)

.text           0x080001d8     0x91b4
                0x080001d8                        . = ALIGN (0x4)
 *(.text)
 .text          0x080001d8       0x40 C:/ST/STM32CubeIDE_1.19.0/STM32CubeIDE/plugins/com.st.stm32cube.ide.mcu.externaltools.gnu-tools-for-stm32.13.3.rel1.win32_1.0.0.202411081344/tools/bin/../lib/gcc/arm-none-eabi/13.3.1/thumb/v7e-m+fp/hard/crtbegin.o
 *(.text*)
 .text.main     0x08000218      0x148 ./Core/Src/main.o
                0x08000218                main
 .text.SystemClock_Config
                0x08000360       0x9c ./Core/Src/main.o
                0x08000360                SystemClock_Config
 .text.MX_ADC1_Init
                0x080003fc      0x134 ./Core/Src/main.o
 .text.MX_DAC1_Init
                0x08000530       0x74 ./Core/Src/main.o
 .text.MX_GPIO_Init
                0x080005a4       0x94 ./Core/Src/main.o
 .text.Error_Handler
                0x08000638        0xc ./Core/Src/main.o
                0x08000638                Error_Handler
 .text.HAL_MspInit
                0x08000644       0x48 ./Core/Src/stm32g4xx_hal_msp.o
                0x08000644                HAL_MspInit
 .text.HAL_ADC_MspInit
                0x0800068c       0xa8 ./Core/Src/stm32g4xx_hal_msp.o
                0x0800068c                HAL_ADC_MspInit
 .text.HAL_DAC_MspInit
                0x08000734       0x7c ./Core/Src/stm32g4xx_hal_msp.o
                0x08000734                HAL_DAC_MspInit
 .text.NMI_Handler
                0x080007b0        0x8 ./Core/Src/stm32g4xx_it.o
                0x080007b0                NMI_Handler
 .text.HardFault_Handler
                0x080007b8        0x8 ./Core/Src/stm32g4xx_it.o
                0x080007b8                HardFault_Handler
 .text.MemManage_Handler
                0x080007c0        0x8 ./Core/Src/stm32g4xx_it.o
                0x080007c0                MemManage_Handler
 .text.BusFault_Handler
                0x080007c8        0x8 ./Core/Src/stm32g4xx_it.o
                0x080007c8                BusFault_Handler
 .text.UsageFault_Handler
                0x080007d0        0x8 ./Core/Src/stm32g4xx_it.o
                0x080007d0                UsageFault_Handler
 .text.SVC_Handler
                0x080007d8        0xe ./Core/Src/stm32g4xx_it.o
                0x080007d8                SVC_Handler
 .text.DebugMon_Handler
                0x080007e6        0xe ./Core/Src/stm32g4xx_it.o
                0x080007e6                DebugMon_Handler
 .text.PendSV_Handler
                0x080007f4        0xe ./Core/Src/stm32g4xx_it.o
                0x080007f4                PendSV_Handler
 .text.SysTick_Handler
                0x08000802        0xc ./Core/Src/stm32g4xx_it.o
                0x08000802                SysTick_Handler
 *fill*         0x0800080e        0x2 
 .text.USB_LP_IRQHandler
                0x08000810       0x14 ./Core/Src/stm32g4xx_it.o
                0x08000810                USB_LP_IRQHandler
 .text.SystemInit
                0x08000824       0x24 ./Core/Src/system_stm32g4xx.o
                0x08000824                SystemInit
 .text.Reset_Handler
                0x08000848       0x50 ./Core/Startup/startup_stm32g431kbux.o
                0x08000848                Reset_Handler
 .text.Default_Handler
                0x08000898        0x2 ./Core/Startup/startup_stm32g431kbux.o
                0x08000898                RTC_Alarm_IRQHandler
                0x08000898                EXTI2_IRQHandler
                0x08000898                TIM8_TRG_COM_IRQHandler
                0x08000898                TIM8_CC_IRQHandler
                0x08000898                TIM1_CC_IRQHandler
                0x08000898                USB_HP_IRQHandler
                0x08000898                CORDIC_IRQHandler
                0x08000898                EXTI3_IRQHandler
                0x08000898                I2C3_ER_IRQHandler
                0x08000898                EXTI0_IRQHandler
                0x08000898                I2C2_EV_IRQHandler
                0x08000898                FPU_IRQHandler
                0x08000898                FDCAN1_IT1_IRQHandler
                0x08000898                TIM1_UP_TIM16_IRQHandler
                0x08000898                ADC1_2_IRQHandler
                0x08000898                SPI1_IRQHandler
                0x08000898                TIM6_DAC_IRQHandler
                0x08000898                TIM8_UP_IRQHandler
                0x08000898                DMA2_Channel2_IRQHandler
                0x08000898                DMA1_Channel4_IRQHandler
                0x08000898                USART3_IRQHandler
                0x08000898                TIM4_IRQHandler
                0x08000898                DMA2_Channel1_IRQHandler
                0x08000898                I2C1_EV_IRQHandler
                0x08000898                DMA1_Channel6_IRQHandler
                0x08000898                UART4_IRQHandler
                0x08000898                DMA2_Channel4_IRQHandler
                0x08000898                TIM3_IRQHandler
                0x08000898                RCC_IRQHandler
                0x08000898                DMA1_Channel1_IRQHandler
                0x08000898                Default_Handler
                0x08000898                RTC_TAMP_LSECSS_IRQHandler
                0x08000898                FMAC_IRQHandler
                0x08000898                EXTI15_10_IRQHandler
                0x08000898                TIM7_IRQHandler
                0x08000898                UCPD1_IRQHandler
                0x08000898                I2C3_EV_IRQHandler
                0x08000898                EXTI9_5_IRQHandler
                0x08000898                RTC_WKUP_IRQHandler
                0x08000898                PVD_PVM_IRQHandler
                0x08000898                SPI2_IRQHandler
                0x08000898                DMA2_Channel5_IRQHandler
                0x08000898                CRS_IRQHandler
                0x08000898                DMA1_Channel5_IRQHandler
                0x08000898                EXTI4_IRQHandler
                0x08000898                RNG_IRQHandler
                0x08000898                TIM1_TRG_COM_TIM17_IRQHandler
                0x08000898                DMA1_Channel3_IRQHandler
                0x08000898                WWDG_IRQHandler
                0x08000898                LPUART1_IRQHandler
                0x08000898                DMA2_Channel6_IRQHandler
                0x08000898                FDCAN1_IT0_IRQHandler
                0x08000898                TIM2_IRQHandler
                0x08000898                COMP1_2_3_IRQHandler
                0x08000898                EXTI1_IRQHandler
                0x08000898                USART2_IRQHandler
                0x08000898                I2C2_ER_IRQHandler
                0x08000898                DMA1_Channel2_IRQHandler
                0x08000898                TIM8_BRK_IRQHandler
                0x08000898                FLASH_IRQHandler
                0x08000898                USART1_IRQHandler
                0x08000898                SPI3_IRQHandler
                0x08000898                I2C1_ER_IRQHandler
                0x08000898                LPTIM1_IRQHandler
                0x08000898                DMAMUX_OVR_IRQHandler
                0x08000898                USBWakeUp_IRQHandler
                0x08000898                SAI1_IRQHandler
                0x08000898                DMA2_Channel3_IRQHandler
                0x08000898                COMP4_IRQHandler
                0x08000898                TIM1_BRK_TIM15_IRQHandler
 .text.HAL_Init
                0x0800089a       0x30 ./Drivers/STM32G4xx_HAL_Driver/Src/stm32g4xx_hal.o
                0x0800089a                HAL_Init
 *fill*         0x080008ca        0x2 
 .text.HAL_InitTick
                0x080008cc       0x74 ./Drivers/STM32G4xx_HAL_Driver/Src/stm32g4xx_hal.o
                0x080008cc                HAL_InitTick
 .text.HAL_IncTick
                0x08000940       0x24 ./Drivers/STM32G4xx_HAL_Driver/Src/stm32g4xx_hal.o
                0x08000940                HAL_IncTick
 .text.HAL_GetTick
                0x08000964       0x18 ./Drivers/STM32G4xx_HAL_Driver/Src/stm32g4xx_hal.o
                0x08000964                HAL_GetTick
 .text.HAL_Delay
                0x0800097c       0x44 ./Drivers/STM32G4xx_HAL_Driver/Src/stm32g4xx_hal.o
                0x0800097c                HAL_Delay
 .text.LL_ADC_SetCommonClock
                0x080009c0       0x26 ./Drivers/STM32G4xx_HAL_Driver/Src/stm32g4xx_hal_adc.o
 .text.LL_ADC_SetCommonPathInternalCh
                0x080009e6       0x26 ./Drivers/STM32G4xx_HAL_Driver/Src/stm32g4xx_hal_adc.o
 .text.LL_ADC_GetCommonPathInternalCh
                0x08000a0c       0x1c ./Drivers/STM32G4xx_HAL_Driver/Src/stm32g4xx_hal_adc.o
 .text.LL_ADC_SetOffset
                0x08000a28       0x48 ./Drivers/STM32G4xx_HAL_Driver/Src/stm32g4xx_hal_adc.o
 .text.LL_ADC_GetOffsetChannel
                0x08000a70       0x2c ./Drivers/STM32G4xx_HAL_Driver/Src/stm32g4xx_hal_adc.o
 .text.LL_ADC_SetOffsetState
                0x08000a9c       0x36 ./Drivers/STM32G4xx_HAL_Driver/Src/stm32g4xx_hal_adc.o
 .text.LL_ADC_SetOffsetSign
                0x08000ad2       0x36 ./Drivers/STM32G4xx_HAL_Driver/Src/stm32g4xx_hal_adc.o
 .text.LL_ADC_SetOffsetSaturation
                0x08000b08       0x36 ./Drivers/STM32G4xx_HAL_Driver/Src/stm32g4xx_hal_adc.o
 .text.LL_ADC_SetSamplingTimeCommonConfig
                0x08000b3e       0x26 ./Drivers/STM32G4xx_HAL_Driver/Src/stm32g4xx_hal_adc.o
 .text.LL_ADC_REG_IsTriggerSourceSWStart
                0x08000b64       0x26 ./Drivers/STM32G4xx_HAL_Driver/Src/stm32g4xx_hal_adc.o
 .text.LL_ADC_REG_SetSequencerRanks
                0x08000b8a       0x58 ./Drivers/STM32G4xx_HAL_Driver/Src/stm32g4xx_hal_adc.o
 .text.LL_ADC_SetChannelSamplingTime
                0x08000be2       0x56 ./Drivers/STM32G4xx_HAL_Driver/Src/stm32g4xx_hal_adc.o
 .text.LL_ADC_SetChannelSingleDiff
                0x08000c38       0x48 ./Drivers/STM32G4xx_HAL_Driver/Src/stm32g4xx_hal_adc.o
 .text.LL_ADC_GetMultimode
                0x08000c80       0x1c ./Drivers/STM32G4xx_HAL_Driver/Src/stm32g4xx_hal_adc.o
 .text.LL_ADC_GetMultiDMATransfer
                0x08000c9c       0x1c ./Drivers/STM32G4xx_HAL_Driver/Src/stm32g4xx_hal_adc.o
 .text.LL_ADC_DisableDeepPowerDown
                0x08000cb8       0x24 ./Drivers/STM32G4xx_HAL_Driver/Src/stm32g4xx_hal_adc.o
 .text.LL_ADC_IsDeepPowerDownEnabled
                0x08000cdc       0x28 ./Drivers/STM32G4xx_HAL_Driver/Src/stm32g4xx_hal_adc.o
 .text.LL_ADC_EnableInternalRegulator
                0x08000d04       0x28 ./Drivers/STM32G4xx_HAL_Driver/Src/stm32g4xx_hal_adc.o
 .text.LL_ADC_IsInternalRegulatorEnabled
                0x08000d2c       0x28 ./Drivers/STM32G4xx_HAL_Driver/Src/stm32g4xx_hal_adc.o
 .text.LL_ADC_Enable
                0x08000d54       0x28 ./Drivers/STM32G4xx_HAL_Driver/Src/stm32g4xx_hal_adc.o
 .text.LL_ADC_IsEnabled
                0x08000d7c       0x26 ./Drivers/STM32G4xx_HAL_Driver/Src/stm32g4xx_hal_adc.o
 .text.LL_ADC_REG_StartConversion
                0x08000da2       0x28 ./Drivers/STM32G4xx_HAL_Driver/Src/stm32g4xx_hal_adc.o
 .text.LL_ADC_REG_IsConversionOngoing
                0x08000dca       0x26 ./Drivers/STM32G4xx_HAL_Driver/Src/stm32g4xx_hal_adc.o
 .text.LL_ADC_INJ_IsConversionOngoing
                0x08000df0       0x26 ./Drivers/STM32G4xx_HAL_Driver/Src/stm32g4xx_hal_adc.o
 *fill*         0x08000e16        0x2 
 .text.HAL_ADC_Init
                0x08000e18      0x308 ./Drivers/STM32G4xx_HAL_Driver/Src/stm32g4xx_hal_adc.o
                0x08000e18                HAL_ADC_Init
 .text.HAL_ADC_Start
                0x08001120      0x178 ./Drivers/STM32G4xx_HAL_Driver/Src/stm32g4xx_hal_adc.o
                0x08001120                HAL_ADC_Start
 .text.HAL_ADC_PollForConversion
                0x08001298      0x1b0 ./Drivers/STM32G4xx_HAL_Driver/Src/stm32g4xx_hal_adc.o
                0x08001298                HAL_ADC_PollForConversion
 .text.HAL_ADC_GetValue
                0x08001448       0x1a ./Drivers/STM32G4xx_HAL_Driver/Src/stm32g4xx_hal_adc.o
                0x08001448                HAL_ADC_GetValue
 *fill*         0x08001462        0x2 
 .text.HAL_ADC_ConfigChannel
                0x08001464      0x7e0 ./Drivers/STM32G4xx_HAL_Driver/Src/stm32g4xx_hal_adc.o
                0x08001464                HAL_ADC_ConfigChannel
 .text.ADC_Enable
                0x08001c44      0x10c ./Drivers/STM32G4xx_HAL_Driver/Src/stm32g4xx_hal_adc.o
                0x08001c44                ADC_Enable
 .text.LL_ADC_IsEnabled
                0x08001d50       0x26 ./Drivers/STM32G4xx_HAL_Driver/Src/stm32g4xx_hal_adc_ex.o
 .text.LL_ADC_REG_IsConversionOngoing
                0x08001d76       0x26 ./Drivers/STM32G4xx_HAL_Driver/Src/stm32g4xx_hal_adc_ex.o
 .text.HAL_ADCEx_MultiModeConfigChannel
                0x08001d9c      0x148 ./Drivers/STM32G4xx_HAL_Driver/Src/stm32g4xx_hal_adc_ex.o
                0x08001d9c                HAL_ADCEx_MultiModeConfigChannel
 .text.__NVIC_SetPriorityGrouping
                0x08001ee4       0x48 ./Drivers/STM32G4xx_HAL_Driver/Src/stm32g4xx_hal_cortex.o
 .text.__NVIC_GetPriorityGrouping
                0x08001f2c       0x1c ./Drivers/STM32G4xx_HAL_Driver/Src/stm32g4xx_hal_cortex.o
 .text.__NVIC_EnableIRQ
                0x08001f48       0x3c ./Drivers/STM32G4xx_HAL_Driver/Src/stm32g4xx_hal_cortex.o
 .text.__NVIC_SetPriority
                0x08001f84       0x54 ./Drivers/STM32G4xx_HAL_Driver/Src/stm32g4xx_hal_cortex.o
 .text.NVIC_EncodePriority
                0x08001fd8       0x66 ./Drivers/STM32G4xx_HAL_Driver/Src/stm32g4xx_hal_cortex.o
 *fill*         0x0800203e        0x2 
 .text.SysTick_Config
                0x08002040       0x44 ./Drivers/STM32G4xx_HAL_Driver/Src/stm32g4xx_hal_cortex.o
 .text.HAL_NVIC_SetPriorityGrouping
                0x08002084       0x16 ./Drivers/STM32G4xx_HAL_Driver/Src/stm32g4xx_hal_cortex.o
                0x08002084                HAL_NVIC_SetPriorityGrouping
 .text.HAL_NVIC_SetPriority
                0x0800209a       0x34 ./Drivers/STM32G4xx_HAL_Driver/Src/stm32g4xx_hal_cortex.o
                0x0800209a                HAL_NVIC_SetPriority
 .text.HAL_NVIC_EnableIRQ
                0x080020ce       0x1c ./Drivers/STM32G4xx_HAL_Driver/Src/stm32g4xx_hal_cortex.o
                0x080020ce                HAL_NVIC_EnableIRQ
 .text.HAL_SYSTICK_Config
                0x080020ea       0x18 ./Drivers/STM32G4xx_HAL_Driver/Src/stm32g4xx_hal_cortex.o
                0x080020ea                HAL_SYSTICK_Config
 .text.HAL_DAC_Init
                0x08002102       0x44 ./Drivers/STM32G4xx_HAL_Driver/Src/stm32g4xx_hal_dac.o
                0x08002102                HAL_DAC_Init
 *fill*         0x08002146        0x2 
 .text.HAL_DAC_Start
                0x08002148       0xd8 ./Drivers/STM32G4xx_HAL_Driver/Src/stm32g4xx_hal_dac.o
                0x08002148                HAL_DAC_Start
 .text.HAL_DAC_SetValue
                0x08002220       0x5a ./Drivers/STM32G4xx_HAL_Driver/Src/stm32g4xx_hal_dac.o
                0x08002220                HAL_DAC_SetValue
 *fill*         0x0800227a        0x2 
 .text.HAL_DAC_ConfigChannel
                0x0800227c      0x374 ./Drivers/STM32G4xx_HAL_Driver/Src/stm32g4xx_hal_dac.o
                0x0800227c                HAL_DAC_ConfigChannel
 .text.HAL_GPIO_Init
                0x080025f0      0x304 ./Drivers/STM32G4xx_HAL_Driver/Src/stm32g4xx_hal_gpio.o
                0x080025f0                HAL_GPIO_Init
 .text.HAL_GPIO_WritePin
                0x080028f4       0x30 ./Drivers/STM32G4xx_HAL_Driver/Src/stm32g4xx_hal_gpio.o
                0x080028f4                HAL_GPIO_WritePin
 .text.HAL_PCD_Init
                0x08002924      0x19c ./Drivers/STM32G4xx_HAL_Driver/Src/stm32g4xx_hal_pcd.o
                0x08002924                HAL_PCD_Init
 .text.HAL_PCD_Start
                0x08002ac0       0x44 ./Drivers/STM32G4xx_HAL_Driver/Src/stm32g4xx_hal_pcd.o
                0x08002ac0                HAL_PCD_Start
 .text.HAL_PCD_IRQHandler
                0x08002b04      0x24e ./Drivers/STM32G4xx_HAL_Driver/Src/stm32g4xx_hal_pcd.o
                0x08002b04                HAL_PCD_IRQHandler
 .text.HAL_PCD_SetAddress
                0x08002d52       0x48 ./Drivers/STM32G4xx_HAL_Driver/Src/stm32g4xx_hal_pcd.o
                0x08002d52                HAL_PCD_SetAddress
 .text.HAL_PCD_EP_Open
                0x08002d9a       0xbe ./Drivers/STM32G4xx_HAL_Driver/Src/stm32g4xx_hal_pcd.o
                0x08002d9a                HAL_PCD_EP_Open
 .text.HAL_PCD_EP_Close
                0x08002e58       0x90 ./Drivers/STM32G4xx_HAL_Driver/Src/stm32g4xx_hal_pcd.o
                0x08002e58                HAL_PCD_EP_Close
 .text.HAL_PCD_EP_Receive
                0x08002ee8       0x62 ./Drivers/STM32G4xx_HAL_Driver/Src/stm32g4xx_hal_pcd.o
                0x08002ee8                HAL_PCD_EP_Receive
 .text.HAL_PCD_EP_GetRxCount
                0x08002f4a       0x30 ./Drivers/STM32G4xx_HAL_Driver/Src/stm32g4xx_hal_pcd.o
                0x08002f4a                HAL_PCD_EP_GetRxCount
 .text.HAL_PCD_EP_Transmit
                0x08002f7a       0x6e ./Drivers/STM32G4xx_HAL_Driver/Src/stm32g4xx_hal_pcd.o
                0x08002f7a                HAL_PCD_EP_Transmit
 .text.HAL_PCD_EP_SetStall
                0x08002fe8       0xa4 ./Drivers/STM32G4xx_HAL_Driver/Src/stm32g4xx_hal_pcd.o
                0x08002fe8                HAL_PCD_EP_SetStall
 .text.HAL_PCD_EP_ClrStall
                0x0800308c       0xa8 ./Drivers/STM32G4xx_HAL_Driver/Src/stm32g4xx_hal_pcd.o
                0x0800308c                HAL_PCD_EP_ClrStall
 .text.PCD_EP_ISR_Handler
                0x08003134      0x68e ./Drivers/STM32G4xx_HAL_Driver/Src/stm32g4xx_hal_pcd.o
 .text.HAL_PCD_EP_DB_Receive
                0x080037c2      0x212 ./Drivers/STM32G4xx_HAL_Driver/Src/stm32g4xx_hal_pcd.o
 .text.HAL_PCD_EP_DB_Transmit
                0x080039d4      0x878 ./Drivers/STM32G4xx_HAL_Driver/Src/stm32g4xx_hal_pcd.o
 .text.HAL_PCDEx_PMAConfig
                0x0800424c       0x86 ./Drivers/STM32G4xx_HAL_Driver/Src/stm32g4xx_hal_pcd_ex.o
                0x0800424c                HAL_PCDEx_PMAConfig
 .text.HAL_PCDEx_ActivateLPM
                0x080042d2       0x54 ./Drivers/STM32G4xx_HAL_Driver/Src/stm32g4xx_hal_pcd_ex.o
                0x080042d2                HAL_PCDEx_ActivateLPM
 *fill*         0x08004326        0x2 
 .text.HAL_PWREx_ControlVoltageScaling
                0x08004328      0x148 ./Drivers/STM32G4xx_HAL_Driver/Src/stm32g4xx_hal_pwr_ex.o
                0x08004328                HAL_PWREx_ControlVoltageScaling
 .text.HAL_PWREx_DisableUCPDDeadBattery
                0x08004470       0x20 ./Drivers/STM32G4xx_HAL_Driver/Src/stm32g4xx_hal_pwr_ex.o
                0x08004470                HAL_PWREx_DisableUCPDDeadBattery
 .text.HAL_RCC_OscConfig
                0x08004490      0x624 ./Drivers/STM32G4xx_HAL_Driver/Src/stm32g4xx_hal_rcc.o
                0x08004490                HAL_RCC_OscConfig
 .text.HAL_RCC_ClockConfig
                0x08004ab4      0x278 ./Drivers/STM32G4xx_HAL_Driver/Src/stm32g4xx_hal_rcc.o
                0x08004ab4                HAL_RCC_ClockConfig
 .text.HAL_RCC_GetSysClockFreq
                0x08004d2c       0xc4 ./Drivers/STM32G4xx_HAL_Driver/Src/stm32g4xx_hal_rcc.o
                0x08004d2c                HAL_RCC_GetSysClockFreq
 .text.HAL_RCC_GetHCLKFreq
                0x08004df0       0x18 ./Drivers/STM32G4xx_HAL_Driver/Src/stm32g4xx_hal_rcc.o
                0x08004df0                HAL_RCC_GetHCLKFreq
 .text.RCC_GetSysClockFreqFromPLLSource
                0x08004e08       0x8c ./Drivers/STM32G4xx_HAL_Driver/Src/stm32g4xx_hal_rcc.o
 .text.HAL_RCCEx_PeriphCLKConfig
                0x08004e94      0x3e0 ./Drivers/STM32G4xx_HAL_Driver/Src/stm32g4xx_hal_rcc_ex.o
                0x08004e94                HAL_RCCEx_PeriphCLKConfig
 .text.USB_EnableGlobalInt
                0x08005274       0x2e ./Drivers/STM32G4xx_HAL_Driver/Src/stm32g4xx_ll_usb.o
                0x08005274                USB_EnableGlobalInt
 .text.USB_DisableGlobalInt
                0x080052a2       0x36 ./Drivers/STM32G4xx_HAL_Driver/Src/stm32g4xx_ll_usb.o
                0x080052a2                USB_DisableGlobalInt
 .text.USB_DevInit
                0x080052d8       0x3c ./Drivers/STM32G4xx_HAL_Driver/Src/stm32g4xx_ll_usb.o
                0x080052d8                USB_DevInit
 .text.USB_ActivateEndpoint
                0x08005314      0x9d0 ./Drivers/STM32G4xx_HAL_Driver/Src/stm32g4xx_ll_usb.o
                0x08005314                USB_ActivateEndpoint
 .text.USB_DeactivateEndpoint
                0x08005ce4      0x3da ./Drivers/STM32G4xx_HAL_Driver/Src/stm32g4xx_ll_usb.o
                0x08005ce4                USB_DeactivateEndpoint
 .text.USB_EPStartXfer
                0x080060be      0xb5e ./Drivers/STM32G4xx_HAL_Driver/Src/stm32g4xx_ll_usb.o
                0x080060be                USB_EPStartXfer
 .text.USB_EPSetStall
                0x08006c1c       0xa2 ./Drivers/STM32G4xx_HAL_Driver/Src/stm32g4xx_ll_usb.o
                0x08006c1c                USB_EPSetStall
 .text.USB_EPClearStall
                0x08006cbe      0x152 ./Drivers/STM32G4xx_HAL_Driver/Src/stm32g4xx_ll_usb.o
                0x08006cbe                USB_EPClearStall
 .text.USB_SetDevAddress
                0x08006e10       0x28 ./Drivers/STM32G4xx_HAL_Driver/Src/stm32g4xx_ll_usb.o
                0x08006e10                USB_SetDevAddress
 .text.USB_DevConnect
                0x08006e38       0x2e ./Drivers/STM32G4xx_HAL_Driver/Src/stm32g4xx_ll_usb.o
                0x08006e38                USB_DevConnect
 .text.USB_ReadInterrupts
                0x08006e66       0x20 ./Drivers/STM32G4xx_HAL_Driver/Src/stm32g4xx_ll_usb.o
                0x08006e66                USB_ReadInterrupts
 .text.USB_WritePMA
                0x08006e86       0x86 ./Drivers/STM32G4xx_HAL_Driver/Src/stm32g4xx_ll_usb.o
                0x08006e86                USB_WritePMA
 .text.USB_ReadPMA
                0x08006f0c       0x98 ./Drivers/STM32G4xx_HAL_Driver/Src/stm32g4xx_ll_usb.o
                0x08006f0c                USB_ReadPMA
 .text.USBD_CDC_Init
                0x08006fa4       0xfe ./Middlewares/ST/STM32_USB_Device_Library/Class/CDC/Src/usbd_cdc.o
 .text.USBD_CDC_DeInit
                0x080070a2       0x74 ./Middlewares/ST/STM32_USB_Device_Library/Class/CDC/Src/usbd_cdc.o
 *fill*         0x08007116        0x2 
 .text.USBD_CDC_Setup
                0x08007118      0x190 ./Middlewares/ST/STM32_USB_Device_Library/Class/CDC/Src/usbd_cdc.o
 .text.USBD_CDC_DataIn
                0x080072a8       0xca ./Middlewares/ST/STM32_USB_Device_Library/Class/CDC/Src/usbd_cdc.o
 .text.USBD_CDC_DataOut
                0x08007372       0x56 ./Middlewares/ST/STM32_USB_Device_Library/Class/CDC/Src/usbd_cdc.o
 .text.USBD_CDC_EP0_RxReady
                0x080073c8       0x58 ./Middlewares/ST/STM32_USB_Device_Library/Class/CDC/Src/usbd_cdc.o
 .text.USBD_CDC_GetFSCfgDesc
                0x08007420       0x20 ./Middlewares/ST/STM32_USB_Device_Library/Class/CDC/Src/usbd_cdc.o
 .text.USBD_CDC_GetHSCfgDesc
                0x08007440       0x20 ./Middlewares/ST/STM32_USB_Device_Library/Class/CDC/Src/usbd_cdc.o
 .text.USBD_CDC_GetOtherSpeedCfgDesc
                0x08007460       0x20 ./Middlewares/ST/STM32_USB_Device_Library/Class/CDC/Src/usbd_cdc.o
 .text.USBD_CDC_GetDeviceQualifierDescriptor
                0x08007480       0x20 ./Middlewares/ST/STM32_USB_Device_Library/Class/CDC/Src/usbd_cdc.o
                0x08007480                USBD_CDC_GetDeviceQualifierDescriptor
 .text.USBD_CDC_RegisterInterface
                0x080074a0       0x2a ./Middlewares/ST/STM32_USB_Device_Library/Class/CDC/Src/usbd_cdc.o
                0x080074a0                USBD_CDC_RegisterInterface
 .text.USBD_CDC_SetTxBuffer
                0x080074ca       0x3c ./Middlewares/ST/STM32_USB_Device_Library/Class/CDC/Src/usbd_cdc.o
                0x080074ca                USBD_CDC_SetTxBuffer
 .text.USBD_CDC_SetRxBuffer
                0x08007506       0x32 ./Middlewares/ST/STM32_USB_Device_Library/Class/CDC/Src/usbd_cdc.o
                0x08007506                USBD_CDC_SetRxBuffer
 .text.USBD_CDC_TransmitPacket
                0x08007538       0x60 ./Middlewares/ST/STM32_USB_Device_Library/Class/CDC/Src/usbd_cdc.o
                0x08007538                USBD_CDC_TransmitPacket
 .text.USBD_CDC_ReceivePacket
                0x08007598       0x54 ./Middlewares/ST/STM32_USB_Device_Library/Class/CDC/Src/usbd_cdc.o
                0x08007598                USBD_CDC_ReceivePacket
 .text.USBD_Init
                0x080075ec       0x60 ./Middlewares/ST/STM32_USB_Device_Library/Core/Src/usbd_core.o
                0x080075ec                USBD_Init
 .text.USBD_RegisterClass
                0x0800764c       0x4e ./Middlewares/ST/STM32_USB_Device_Library/Core/Src/usbd_core.o
                0x0800764c                USBD_RegisterClass
 .text.USBD_Start
                0x0800769a       0x18 ./Middlewares/ST/STM32_USB_Device_Library/Core/Src/usbd_core.o
                0x0800769a                USBD_Start
 .text.USBD_RunTestMode
                0x080076b2       0x16 ./Middlewares/ST/STM32_USB_Device_Library/Core/Src/usbd_core.o
                0x080076b2                USBD_RunTestMode
 .text.USBD_SetClassConfig
                0x080076c8       0x38 ./Middlewares/ST/STM32_USB_Device_Library/Core/Src/usbd_core.o
                0x080076c8                USBD_SetClassConfig
 .text.USBD_ClrClassConfig
                0x08007700       0x30 ./Middlewares/ST/STM32_USB_Device_Library/Core/Src/usbd_core.o
                0x08007700                USBD_ClrClassConfig
 .text.USBD_LL_SetupStage
                0x08007730       0xaa ./Middlewares/ST/STM32_USB_Device_Library/Core/Src/usbd_core.o
                0x08007730                USBD_LL_SetupStage
 .text.USBD_LL_DataOutStage
                0x080077da       0xc6 ./Middlewares/ST/STM32_USB_Device_Library/Core/Src/usbd_core.o
                0x080077da                USBD_LL_DataOutStage
 .text.USBD_LL_DataInStage
                0x080078a0      0x12c ./Middlewares/ST/STM32_USB_Device_Library/Core/Src/usbd_core.o
                0x080078a0                USBD_LL_DataInStage
 .text.USBD_LL_Reset
                0x080079cc       0x9c ./Middlewares/ST/STM32_USB_Device_Library/Core/Src/usbd_core.o
                0x080079cc                USBD_LL_Reset
 .text.USBD_LL_SetSpeed
                0x08007a68       0x20 ./Middlewares/ST/STM32_USB_Device_Library/Core/Src/usbd_core.o
                0x08007a68                USBD_LL_SetSpeed
 .text.USBD_LL_Suspend
                0x08007a88       0x2c ./Middlewares/ST/STM32_USB_Device_Library/Core/Src/usbd_core.o
                0x08007a88                USBD_LL_Suspend
 .text.USBD_LL_Resume
                0x08007ab4       0x30 ./Middlewares/ST/STM32_USB_Device_Library/Core/Src/usbd_core.o
                0x08007ab4                USBD_LL_Resume
 .text.USBD_LL_SOF
                0x08007ae4       0x44 ./Middlewares/ST/STM32_USB_Device_Library/Core/Src/usbd_core.o
                0x08007ae4                USBD_LL_SOF
 .text.SWAPBYTE
                0x08007b28       0x3e ./Middlewares/ST/STM32_USB_Device_Library/Core/Src/usbd_ctlreq.o
 *fill*         0x08007b66        0x2 
 .text.USBD_StdDevReq
                0x08007b68       0xdc ./Middlewares/ST/STM32_USB_Device_Library/Core/Src/usbd_ctlreq.o
                0x08007b68                USBD_StdDevReq
 .text.USBD_StdItfReq
                0x08007c44       0x92 ./Middlewares/ST/STM32_USB_Device_Library/Core/Src/usbd_ctlreq.o
                0x08007c44                USBD_StdItfReq
 .text.USBD_StdEPReq
                0x08007cd6      0x2c4 ./Middlewares/ST/STM32_USB_Device_Library/Core/Src/usbd_ctlreq.o
                0x08007cd6                USBD_StdEPReq
 *fill*         0x08007f9a        0x2 
 .text.USBD_GetDescriptor
                0x08007f9c      0x328 ./Middlewares/ST/STM32_USB_Device_Library/Core/Src/usbd_ctlreq.o
 .text.USBD_SetAddress
                0x080082c4       0x88 ./Middlewares/ST/STM32_USB_Device_Library/Core/Src/usbd_ctlreq.o
 .text.USBD_SetConfig
                0x0800834c      0x14c ./Middlewares/ST/STM32_USB_Device_Library/Core/Src/usbd_ctlreq.o
 .text.USBD_GetConfig
                0x08008498       0x6c ./Middlewares/ST/STM32_USB_Device_Library/Core/Src/usbd_ctlreq.o
 .text.USBD_GetStatus
                0x08008504       0x68 ./Middlewares/ST/STM32_USB_Device_Library/Core/Src/usbd_ctlreq.o
 .text.USBD_SetFeature
                0x0800856c       0x28 ./Middlewares/ST/STM32_USB_Device_Library/Core/Src/usbd_ctlreq.o
 .text.USBD_ClrFeature
                0x08008594       0x44 ./Middlewares/ST/STM32_USB_Device_Library/Core/Src/usbd_ctlreq.o
 .text.USBD_ParseSetupRequest
                0x080085d8       0x74 ./Middlewares/ST/STM32_USB_Device_Library/Core/Src/usbd_ctlreq.o
                0x080085d8                USBD_ParseSetupRequest
 .text.USBD_CtlError
                0x0800864c       0x22 ./Middlewares/ST/STM32_USB_Device_Library/Core/Src/usbd_ctlreq.o
                0x0800864c                USBD_CtlError
 .text.USBD_GetString
                0x0800866e       0x8c ./Middlewares/ST/STM32_USB_Device_Library/Core/Src/usbd_ctlreq.o
                0x0800866e                USBD_GetString
 .text.USBD_GetLen
                0x080086fa       0x34 ./Middlewares/ST/STM32_USB_Device_Library/Core/Src/usbd_ctlreq.o
 .text.USBD_CtlSendData
                0x0800872e       0x36 ./Middlewares/ST/STM32_USB_Device_Library/Core/Src/usbd_ioreq.o
                0x0800872e                USBD_CtlSendData
 .text.USBD_CtlContinueSendData
                0x08008764       0x22 ./Middlewares/ST/STM32_USB_Device_Library/Core/Src/usbd_ioreq.o
                0x08008764                USBD_CtlContinueSendData
 .text.USBD_CtlPrepareRx
                0x08008786       0x3a ./Middlewares/ST/STM32_USB_Device_Library/Core/Src/usbd_ioreq.o
                0x08008786                USBD_CtlPrepareRx
 .text.USBD_CtlContinueRx
                0x080087c0       0x22 ./Middlewares/ST/STM32_USB_Device_Library/Core/Src/usbd_ioreq.o
                0x080087c0                USBD_CtlContinueRx
 .text.USBD_CtlSendStatus
                0x080087e2       0x26 ./Middlewares/ST/STM32_USB_Device_Library/Core/Src/usbd_ioreq.o
                0x080087e2                USBD_CtlSendStatus
 .text.USBD_CtlReceiveStatus
                0x08008808       0x26 ./Middlewares/ST/STM32_USB_Device_Library/Core/Src/usbd_ioreq.o
                0x08008808                USBD_CtlReceiveStatus
 *fill*         0x0800882e        0x2 
 .text.MX_USB_Device_Init
                0x08008830       0x60 ./USB_Device/App/usb_device.o
                0x08008830                MX_USB_Device_Init
 .text.CDC_Init_FS
                0x08008890       0x28 ./USB_Device/App/usbd_cdc_if.o
 .text.CDC_DeInit_FS
                0x080088b8       0x10 ./USB_Device/App/usbd_cdc_if.o
 .text.CDC_Control_FS
                0x080088c8       0xbc ./USB_Device/App/usbd_cdc_if.o
 .text.CDC_Receive_FS
                0x08008984       0xdc ./USB_Device/App/usbd_cdc_if.o
 .text.CDC_Transmit_FS
                0x08008a60       0x4c ./USB_Device/App/usbd_cdc_if.o
                0x08008a60                CDC_Transmit_FS
 .text.CDC_TransmitCplt_FS
                0x08008aac       0x22 ./USB_Device/App/usbd_cdc_if.o
 *fill*         0x08008ace        0x2 
 .text.USBD_CDC_DeviceDescriptor
                0x08008ad0       0x24 ./USB_Device/App/usbd_desc.o
                0x08008ad0                USBD_CDC_DeviceDescriptor
 .text.USBD_CDC_LangIDStrDescriptor
                0x08008af4       0x24 ./USB_Device/App/usbd_desc.o
                0x08008af4                USBD_CDC_LangIDStrDescriptor
 .text.USBD_CDC_ProductStrDescriptor
                0x08008b18       0x3c ./USB_Device/App/usbd_desc.o
                0x08008b18                USBD_CDC_ProductStrDescriptor
 .text.USBD_CDC_ManufacturerStrDescriptor
                0x08008b54       0x28 ./USB_Device/App/usbd_desc.o
                0x08008b54                USBD_CDC_ManufacturerStrDescriptor
 .text.USBD_CDC_SerialStrDescriptor
                0x08008b7c       0x24 ./USB_Device/App/usbd_desc.o
                0x08008b7c                USBD_CDC_SerialStrDescriptor
 .text.USBD_CDC_ConfigStrDescriptor
                0x08008ba0       0x3c ./USB_Device/App/usbd_desc.o
                0x08008ba0                USBD_CDC_ConfigStrDescriptor
 .text.USBD_CDC_InterfaceStrDescriptor
                0x08008bdc       0x3c ./USB_Device/App/usbd_desc.o
                0x08008bdc                USBD_CDC_InterfaceStrDescriptor
 .text.Get_SerialNum
                0x08008c18       0x58 ./USB_Device/App/usbd_desc.o
 .text.IntToUnicode
                0x08008c70       0x7e ./USB_Device/App/usbd_desc.o
 *fill*         0x08008cee        0x2 
 .text.HAL_PCD_MspInit
                0x08008cf0       0x78 ./USB_Device/Target/usbd_conf.o
                0x08008cf0                HAL_PCD_MspInit
 .text.HAL_PCD_SetupStageCallback
                0x08008d68       0x24 ./USB_Device/Target/usbd_conf.o
                0x08008d68                HAL_PCD_SetupStageCallback
 .text.HAL_PCD_DataOutStageCallback
                0x08008d8c       0x36 ./USB_Device/Target/usbd_conf.o
                0x08008d8c                HAL_PCD_DataOutStageCallback
 .text.HAL_PCD_DataInStageCallback
                0x08008dc2       0x34 ./USB_Device/Target/usbd_conf.o
                0x08008dc2                HAL_PCD_DataInStageCallback
 .text.HAL_PCD_SOFCallback
                0x08008df6       0x1c ./USB_Device/Target/usbd_conf.o
                0x08008df6                HAL_PCD_SOFCallback
 .text.HAL_PCD_ResetCallback
                0x08008e12       0x3c ./USB_Device/Target/usbd_conf.o
                0x08008e12                HAL_PCD_ResetCallback
 *fill*         0x08008e4e        0x2 
 .text.HAL_PCD_SuspendCallback
                0x08008e50       0x34 ./USB_Device/Target/usbd_conf.o
                0x08008e50                HAL_PCD_SuspendCallback
 .text.HAL_PCD_ResumeCallback
                0x08008e84       0x38 ./USB_Device/Target/usbd_conf.o
                0x08008e84                HAL_PCD_ResumeCallback
 .text.USBD_LL_Init
                0x08008ebc       0xc0 ./USB_Device/Target/usbd_conf.o
                0x08008ebc                USBD_LL_Init
 .text.USBD_LL_Start
                0x08008f7c       0x36 ./USB_Device/Target/usbd_conf.o
                0x08008f7c                USBD_LL_Start
 .text.USBD_LL_OpenEP
                0x08008fb2       0x4c ./USB_Device/Target/usbd_conf.o
                0x08008fb2                USBD_LL_OpenEP
 .text.USBD_LL_CloseEP
                0x08008ffe       0x3e ./USB_Device/Target/usbd_conf.o
                0x08008ffe                USBD_LL_CloseEP
 .text.USBD_LL_StallEP
                0x0800903c       0x3e ./USB_Device/Target/usbd_conf.o
                0x0800903c                USBD_LL_StallEP
 .text.USBD_LL_ClearStallEP
                0x0800907a       0x3e ./USB_Device/Target/usbd_conf.o
                0x0800907a                USBD_LL_ClearStallEP
 .text.USBD_LL_IsStallEP
                0x080090b8       0x58 ./USB_Device/Target/usbd_conf.o
                0x080090b8                USBD_LL_IsStallEP
 .text.USBD_LL_SetUSBAddress
                0x08009110       0x3e ./USB_Device/Target/usbd_conf.o
                0x08009110                USBD_LL_SetUSBAddress
 .text.USBD_LL_Transmit
                0x0800914e       0x42 ./USB_Device/Target/usbd_conf.o
                0x0800914e                USBD_LL_Transmit
 .text.USBD_LL_PrepareReceive
                0x08009190       0x42 ./USB_Device/Target/usbd_conf.o
                0x08009190                USBD_LL_PrepareReceive
 .text.USBD_LL_GetRxDataSize
                0x080091d2       0x26 ./USB_Device/Target/usbd_conf.o
                0x080091d2                USBD_LL_GetRxDataSize
 .text.HAL_PCDEx_LPM_Callback
                0x080091f8       0x6c ./USB_Device/Target/usbd_conf.o
                0x080091f8                HAL_PCDEx_LPM_Callback
 .text.USBD_static_malloc
                0x08009264       0x1c ./USB_Device/Target/usbd_conf.o
                0x08009264                USBD_static_malloc
 .text.USBD_static_free
                0x08009280       0x14 ./USB_Device/Target/usbd_conf.o
                0x08009280                USBD_static_free
 .text.SystemClockConfig_Resume
                0x08009294        0xc ./USB_Device/Target/usbd_conf.o
 .text.USBD_Get_USB_Status
                0x080092a0       0x58 ./USB_Device/Target/usbd_conf.o
 .text.memset   0x080092f8       0x10 C:/ST/STM32CubeIDE_1.19.0/STM32CubeIDE/plugins/com.st.stm32cube.ide.mcu.externaltools.gnu-tools-for-stm32.13.3.rel1.win32_1.0.0.202411081344/tools/bin/../lib/gcc/arm-none-eabi/13.3.1/../../../../arm-none-eabi/lib/thumb/v7e-m+fp/hard\libc_nano.a(libc_a-memset.o)
                0x080092f8                memset
 .text.strncmp  0x08009308       0x24 C:/ST/STM32CubeIDE_1.19.0/STM32CubeIDE/plugins/com.st.stm32cube.ide.mcu.externaltools.gnu-tools-for-stm32.13.3.rel1.win32_1.0.0.202411081344/tools/bin/../lib/gcc/arm-none-eabi/13.3.1/../../../../arm-none-eabi/lib/thumb/v7e-m+fp/hard\libc_nano.a(libc_a-strncmp.o)
                0x08009308                strncmp
 .text.__libc_init_array
                0x0800932c       0x48 C:/ST/STM32CubeIDE_1.19.0/STM32CubeIDE/plugins/com.st.stm32cube.ide.mcu.externaltools.gnu-tools-for-stm32.13.3.rel1.win32_1.0.0.202411081344/tools/bin/../lib/gcc/arm-none-eabi/13.3.1/../../../../arm-none-eabi/lib/thumb/v7e-m+fp/hard\libc_nano.a(libc_a-init.o)
                0x0800932c                __libc_init_array
 *(.glue_7)
 .glue_7        0x08009374        0x0 linker stubs
 *(.glue_7t)
 .glue_7t       0x08009374        0x0 linker stubs
 *(.eh_frame)
 .eh_frame      0x08009374        0x0 C:/ST/STM32CubeIDE_1.19.0/STM32CubeIDE/plugins/com.st.stm32cube.ide.mcu.externaltools.gnu-tools-for-stm32.13.3.rel1.win32_1.0.0.202411081344/tools/bin/../lib/gcc/arm-none-eabi/13.3.1/thumb/v7e-m+fp/hard/crtbegin.o
 *(.init)
 .init          0x08009374        0x4 C:/ST/STM32CubeIDE_1.19.0/STM32CubeIDE/plugins/com.st.stm32cube.ide.mcu.externaltools.gnu-tools-for-stm32.13.3.rel1.win32_1.0.0.202411081344/tools/bin/../lib/gcc/arm-none-eabi/13.3.1/thumb/v7e-m+fp/hard/crti.o
                0x08009374                _init
 .init          0x08009378        0x8 C:/ST/STM32CubeIDE_1.19.0/STM32CubeIDE/plugins/com.st.stm32cube.ide.mcu.externaltools.gnu-tools-for-stm32.13.3.rel1.win32_1.0.0.202411081344/tools/bin/../lib/gcc/arm-none-eabi/13.3.1/thumb/v7e-m+fp/hard/crtn.o
 *(.fini)
 .fini          0x08009380        0x4 C:/ST/STM32CubeIDE_1.19.0/STM32CubeIDE/plugins/com.st.stm32cube.ide.mcu.externaltools.gnu-tools-for-stm32.13.3.rel1.win32_1.0.0.202411081344/tools/bin/../lib/gcc/arm-none-eabi/13.3.1/thumb/v7e-m+fp/hard/crti.o
                0x08009380                _fini
 .fini          0x08009384        0x8 C:/ST/STM32CubeIDE_1.19.0/STM32CubeIDE/plugins/com.st.stm32cube.ide.mcu.externaltools.gnu-tools-for-stm32.13.3.rel1.win32_1.0.0.202411081344/tools/bin/../lib/gcc/arm-none-eabi/13.3.1/thumb/v7e-m+fp/hard/crtn.o
                0x0800938c                        . = ALIGN (0x4)
                0x0800938c                        _etext = .

.vfp11_veneer   0x0800938c        0x0
 .vfp11_veneer  0x0800938c        0x0 linker stubs

.v4_bx          0x0800938c        0x0
 .v4_bx         0x0800938c        0x0 linker stubs

.iplt           0x0800938c        0x0
 .iplt          0x0800938c        0x0 C:/ST/STM32CubeIDE_1.19.0/STM32CubeIDE/plugins/com.st.stm32cube.ide.mcu.externaltools.gnu-tools-for-stm32.13.3.rel1.win32_1.0.0.202411081344/tools/bin/../lib/gcc/arm-none-eabi/13.3.1/thumb/v7e-m+fp/hard/crtbegin.o

.rodata         0x0800938c       0x90
                0x0800938c                        . = ALIGN (0x4)
 *(.rodata)
 .rodata        0x0800938c       0x36 ./USB_Device/App/usbd_cdc_if.o
 *fill*         0x080093c2        0x2 
 .rodata        0x080093c4       0x46 ./USB_Device/App/usbd_desc.o
 *(.rodata*)
 *fill*         0x0800940a        0x2 
 .rodata.AHBPrescTable
                0x0800940c       0x10 ./Core/Src/system_stm32g4xx.o
                0x0800940c                AHBPrescTable
                0x0800941c                        . = ALIGN (0x4)

.ARM.extab      0x0800941c        0x0
                0x0800941c                        . = ALIGN (0x4)
 *(.ARM.extab* .gnu.linkonce.armextab.*)
                0x0800941c                        . = ALIGN (0x4)

.ARM            0x0800941c        0x0
                0x0800941c                        . = ALIGN (0x4)
                0x0800941c                        __exidx_start = .
 *(.ARM.exidx*)
                0x0800941c                        __exidx_end = .
                0x0800941c                        . = ALIGN (0x4)

.preinit_array  0x0800941c        0x0
                0x0800941c                        . = ALIGN (0x4)
                0x0800941c                        PROVIDE (__preinit_array_start = .)
 *(.preinit_array*)
                0x0800941c                        PROVIDE (__preinit_array_end = .)
                0x0800941c                        . = ALIGN (0x4)

.init_array     0x0800941c        0x4
                0x0800941c                        . = ALIGN (0x4)
                0x0800941c                        PROVIDE (__init_array_start = .)
 *(SORT_BY_NAME(.init_array.*))
 *(.init_array*)
 .init_array    0x0800941c        0x4 C:/ST/STM32CubeIDE_1.19.0/STM32CubeIDE/plugins/com.st.stm32cube.ide.mcu.externaltools.gnu-tools-for-stm32.13.3.rel1.win32_1.0.0.202411081344/tools/bin/../lib/gcc/arm-none-eabi/13.3.1/thumb/v7e-m+fp/hard/crtbegin.o
                0x08009420                        PROVIDE (__init_array_end = .)
                0x08009420                        . = ALIGN (0x4)

.fini_array     0x08009420        0x4
                0x08009420                        . = ALIGN (0x4)
                [!provide]                        PROVIDE (__fini_array_start = .)
 *(SORT_BY_NAME(.fini_array.*))
 *(.fini_array*)
 .fini_array    0x08009420        0x4 C:/ST/STM32CubeIDE_1.19.0/STM32CubeIDE/plugins/com.st.stm32cube.ide.mcu.externaltools.gnu-tools-for-stm32.13.3.rel1.win32_1.0.0.202411081344/tools/bin/../lib/gcc/arm-none-eabi/13.3.1/thumb/v7e-m+fp/hard/crtbegin.o
                [!provide]                        PROVIDE (__fini_array_end = .)
                0x08009424                        . = ALIGN (0x4)
                0x08009424                        _sidata = LOADADDR (.data)

.rel.dyn        0x08009424        0x0
 .rel.iplt      0x08009424        0x0 C:/ST/STM32CubeIDE_1.19.0/STM32CubeIDE/plugins/com.st.stm32cube.ide.mcu.externaltools.gnu-tools-for-stm32.13.3.rel1.win32_1.0.0.202411081344/tools/bin/../lib/gcc/arm-none-eabi/13.3.1/thumb/v7e-m+fp/hard/crtbegin.o

.data           0x20000000      0x184 load address 0x08009424
                0x20000000                        . = ALIGN (0x4)
                0x20000000                        _sdata = .
 *(.data)
 *(.data*)
 .data.SystemCoreClock
                0x20000000        0x4 ./Core/Src/system_stm32g4xx.o
                0x20000000                SystemCoreClock
 .data.uwTickPrio
                0x20000004        0x4 ./Drivers/STM32G4xx_HAL_Driver/Src/stm32g4xx_hal.o
                0x20000004                uwTickPrio
 .data.uwTickFreq
                0x20000008        0x4 ./Drivers/STM32G4xx_HAL_Driver/Src/stm32g4xx_hal.o
                0x20000008                uwTickFreq
 .data.USBD_CDC_DeviceQualifierDesc
                0x2000000c        0xa ./Middlewares/ST/STM32_USB_Device_Library/Class/CDC/Src/usbd_cdc.o
 *fill*         0x20000016        0x2 
 .data.USBD_CDC
                0x20000018       0x38 ./Middlewares/ST/STM32_USB_Device_Library/Class/CDC/Src/usbd_cdc.o
                0x20000018                USBD_CDC
 .data.USBD_CDC_CfgHSDesc
                0x20000050       0x43 ./Middlewares/ST/STM32_USB_Device_Library/Class/CDC/Src/usbd_cdc.o
 *fill*         0x20000093        0x1 
 .data.USBD_CDC_CfgFSDesc
                0x20000094       0x43 ./Middlewares/ST/STM32_USB_Device_Library/Class/CDC/Src/usbd_cdc.o
 *fill*         0x200000d7        0x1 
 .data.USBD_CDC_OtherSpeedCfgDesc
                0x200000d8       0x43 ./Middlewares/ST/STM32_USB_Device_Library/Class/CDC/Src/usbd_cdc.o
 *fill*         0x2000011b        0x1 
 .data.USBD_Interface_fops_FS
                0x2000011c       0x14 ./USB_Device/App/usbd_cdc_if.o
                0x2000011c                USBD_Interface_fops_FS
 .data.CDC_Desc
                0x20000130       0x20 ./USB_Device/App/usbd_desc.o
                0x20000130                CDC_Desc
 .data.USBD_CDC_DeviceDesc
                0x20000150       0x12 ./USB_Device/App/usbd_desc.o
                0x20000150                USBD_CDC_DeviceDesc
 *fill*         0x20000162        0x2 
 .data.USBD_LangIDDesc
                0x20000164        0x4 ./USB_Device/App/usbd_desc.o
                0x20000164                USBD_LangIDDesc
 .data.USBD_StringSerial
                0x20000168       0x1a ./USB_Device/App/usbd_desc.o
                0x20000168                USBD_StringSerial
 *(.RamFunc)
 *(.RamFunc*)
                0x20000184                        . = ALIGN (0x4)
 *fill*         0x20000182        0x2 
                0x20000184                        _edata = .

.igot.plt       0x20000184        0x0 load address 0x080095a8
 .igot.plt      0x20000184        0x0 C:/ST/STM32CubeIDE_1.19.0/STM32CubeIDE/plugins/com.st.stm32cube.ide.mcu.externaltools.gnu-tools-for-stm32.13.3.rel1.win32_1.0.0.202411081344/tools/bin/../lib/gcc/arm-none-eabi/13.3.1/thumb/v7e-m+fp/hard/crtbegin.o
                0x20000184                        . = ALIGN (0x4)

.bss            0x20000184     0x1288 load address 0x080095a8
                0x20000184                        _sbss = .
                0x20000184                        __bss_start__ = _sbss
 *(.bss)
 .bss           0x20000184       0x1c C:/ST/STM32CubeIDE_1.19.0/STM32CubeIDE/plugins/com.st.stm32cube.ide.mcu.externaltools.gnu-tools-for-stm32.13.3.rel1.win32_1.0.0.202411081344/tools/bin/../lib/gcc/arm-none-eabi/13.3.1/thumb/v7e-m+fp/hard/crtbegin.o
 *(.bss*)
 .bss.hadc1     0x200001a0       0x6c ./Core/Src/main.o
                0x200001a0                hadc1
 .bss.hdac1     0x2000020c       0x14 ./Core/Src/main.o
                0x2000020c                hdac1
 .bss.pot_value
                0x20000220        0x4 ./Core/Src/main.o
                0x20000220                pot_value
 .bss.pot_voltage
                0x20000224        0x4 ./Core/Src/main.o
                0x20000224                pot_voltage
 .bss.vout_raw  0x20000228        0x4 ./Core/Src/main.o
                0x20000228                vout_raw
 .bss.vout_voltage
                0x2000022c        0x4 ./Core/Src/main.o
                0x2000022c                vout_voltage
 .bss.imon_raw  0x20000230        0x4 ./Core/Src/main.o
                0x20000230                imon_raw
 .bss.imon_current
                0x20000234        0x4 ./Core/Src/main.o
                0x20000234                imon_current
 .bss.uwTick    0x20000238        0x4 ./Drivers/STM32G4xx_HAL_Driver/Src/stm32g4xx_hal.o
                0x20000238                uwTick
 .bss.cfgidx.0  0x2000023c        0x1 ./Middlewares/ST/STM32_USB_Device_Library/Core/Src/usbd_ctlreq.o
 *fill*         0x2000023d        0x3 
 .bss.hUsbDeviceFS
                0x20000240      0x2d0 ./USB_Device/App/usb_device.o
                0x20000240                hUsbDeviceFS
 .bss.UserRxBufferFS
                0x20000510      0x400 ./USB_Device/App/usbd_cdc_if.o
                0x20000510                UserRxBufferFS
 .bss.UserTxBufferFS
                0x20000910      0x400 ./USB_Device/App/usbd_cdc_if.o
                0x20000910                UserTxBufferFS
 .bss.USBD_StrDesc
                0x20000d10      0x200 ./USB_Device/App/usbd_desc.o
                0x20000d10                USBD_StrDesc
 .bss.hpcd_USB_FS
                0x20000f10      0x2dc ./USB_Device/Target/usbd_conf.o
                0x20000f10                hpcd_USB_FS
 .bss.mem.0     0x200011ec      0x220 ./USB_Device/Target/usbd_conf.o
 *(COMMON)
                0x2000140c                        . = ALIGN (0x4)
                0x2000140c                        _ebss = .
                0x2000140c                        __bss_end__ = _ebss

._user_heap_stack
                0x2000140c      0x604 load address 0x080095a8
                0x20001410                        . = ALIGN (0x8)
 *fill*         0x2000140c        0x4 
                [!provide]                        PROVIDE (end = .)
                0x20001410                        PROVIDE (_end = .)
                0x20001610                        . = (. + _Min_Heap_Size)
 *fill*         0x20001410      0x200 
                0x20001a10                        . = (. + _Min_Stack_Size)
 *fill*         0x20001610      0x400 
                0x20001a10                        . = ALIGN (0x8)

/DISCARD/
 libc.a(*)
 libm.a(*)
 libgcc.a(*)

.ARM.attributes
                0x00000000       0x30
 *(.ARM.attributes)
 .ARM.attributes
                0x00000000       0x22 C:/ST/STM32CubeIDE_1.19.0/STM32CubeIDE/plugins/com.st.stm32cube.ide.mcu.externaltools.gnu-tools-for-stm32.13.3.rel1.win32_1.0.0.202411081344/tools/bin/../lib/gcc/arm-none-eabi/13.3.1/thumb/v7e-m+fp/hard/crti.o
 .ARM.attributes
                0x00000022       0x34 C:/ST/STM32CubeIDE_1.19.0/STM32CubeIDE/plugins/com.st.stm32cube.ide.mcu.externaltools.gnu-tools-for-stm32.13.3.rel1.win32_1.0.0.202411081344/tools/bin/../lib/gcc/arm-none-eabi/13.3.1/thumb/v7e-m+fp/hard/crtbegin.o
 .ARM.attributes
                0x00000056       0x34 ./Core/Src/main.o
 .ARM.attributes
                0x0000008a       0x34 ./Core/Src/stm32g4xx_hal_msp.o
 .ARM.attributes
                0x000000be       0x34 ./Core/Src/stm32g4xx_it.o
 .ARM.attributes
                0x000000f2       0x34 ./Core/Src/system_stm32g4xx.o
 .ARM.attributes
                0x00000126       0x21 ./Core/Startup/startup_stm32g431kbux.o
 .ARM.attributes
                0x00000147       0x34 ./Drivers/STM32G4xx_HAL_Driver/Src/stm32g4xx_hal.o
 .ARM.attributes
                0x0000017b       0x34 ./Drivers/STM32G4xx_HAL_Driver/Src/stm32g4xx_hal_adc.o
 .ARM.attributes
                0x000001af       0x34 ./Drivers/STM32G4xx_HAL_Driver/Src/stm32g4xx_hal_adc_ex.o
 .ARM.attributes
                0x000001e3       0x34 ./Drivers/STM32G4xx_HAL_Driver/Src/stm32g4xx_hal_cortex.o
 .ARM.attributes
                0x00000217       0x34 ./Drivers/STM32G4xx_HAL_Driver/Src/stm32g4xx_hal_dac.o
 .ARM.attributes
                0x0000024b       0x34 ./Drivers/STM32G4xx_HAL_Driver/Src/stm32g4xx_hal_gpio.o
 .ARM.attributes
                0x0000027f       0x34 ./Drivers/STM32G4xx_HAL_Driver/Src/stm32g4xx_hal_pcd.o
 .ARM.attributes
                0x000002b3       0x34 ./Drivers/STM32G4xx_HAL_Driver/Src/stm32g4xx_hal_pcd_ex.o
 .ARM.attributes
                0x000002e7       0x34 ./Drivers/STM32G4xx_HAL_Driver/Src/stm32g4xx_hal_pwr_ex.o
 .ARM.attributes
                0x0000031b       0x34 ./Drivers/STM32G4xx_HAL_Driver/Src/stm32g4xx_hal_rcc.o
 .ARM.attributes
                0x0000034f       0x34 ./Drivers/STM32G4xx_HAL_Driver/Src/stm32g4xx_hal_rcc_ex.o
 .ARM.attributes
                0x00000383       0x34 ./Drivers/STM32G4xx_HAL_Driver/Src/stm32g4xx_ll_usb.o
 .ARM.attributes
                0x000003b7       0x34 ./Middlewares/ST/STM32_USB_Device_Library/Class/CDC/Src/usbd_cdc.o
 .ARM.attributes
                0x000003eb       0x34 ./Middlewares/ST/STM32_USB_Device_Library/Core/Src/usbd_core.o
 .ARM.attributes
                0x0000041f       0x34 ./Middlewares/ST/STM32_USB_Device_Library/Core/Src/usbd_ctlreq.o
 .ARM.attributes
                0x00000453       0x34 ./Middlewares/ST/STM32_USB_Device_Library/Core/Src/usbd_ioreq.o
 .ARM.attributes
                0x00000487       0x34 ./USB_Device/App/usb_device.o
 .ARM.attributes
                0x000004bb       0x34 ./USB_Device/App/usbd_cdc_if.o
 .ARM.attributes
                0x000004ef       0x34 ./USB_Device/App/usbd_desc.o
 .ARM.attributes
                0x00000523       0x34 ./USB_Device/Target/usbd_conf.o
 .ARM.attributes
                0x00000557       0x34 C:/ST/STM32CubeIDE_1.19.0/STM32CubeIDE/plugins/com.st.stm32cube.ide.mcu.externaltools.gnu-tools-for-stm32.13.3.rel1.win32_1.0.0.202411081344/tools/bin/../lib/gcc/arm-none-eabi/13.3.1/../../../../arm-none-eabi/lib/thumb/v7e-m+fp/hard\libc_nano.a(libc_a-memset.o)
 .ARM.attributes
                0x0000058b       0x34 C:/ST/STM32CubeIDE_1.19.0/STM32CubeIDE/plugins/com.st.stm32cube.ide.mcu.externaltools.gnu-tools-for-stm32.13.3.rel1.win32_1.0.0.202411081344/tools/bin/../lib/gcc/arm-none-eabi/13.3.1/../../../../arm-none-eabi/lib/thumb/v7e-m+fp/hard\libc_nano.a(libc_a-strncmp.o)
 .ARM.attributes
                0x000005bf       0x34 C:/ST/STM32CubeIDE_1.19.0/STM32CubeIDE/plugins/com.st.stm32cube.ide.mcu.externaltools.gnu-tools-for-stm32.13.3.rel1.win32_1.0.0.202411081344/tools/bin/../lib/gcc/arm-none-eabi/13.3.1/../../../../arm-none-eabi/lib/thumb/v7e-m+fp/hard\libc_nano.a(libc_a-init.o)
 .ARM.attributes
                0x000005f3       0x22 C:/ST/STM32CubeIDE_1.19.0/STM32CubeIDE/plugins/com.st.stm32cube.ide.mcu.externaltools.gnu-tools-for-stm32.13.3.rel1.win32_1.0.0.202411081344/tools/bin/../lib/gcc/arm-none-eabi/13.3.1/thumb/v7e-m+fp/hard/crtn.o
OUTPUT(LEDdriver.elf elf32-littlearm)
LOAD linker stubs
LOAD C:/ST/STM32CubeIDE_1.19.0/STM32CubeIDE/plugins/com.st.stm32cube.ide.mcu.externaltools.gnu-tools-for-stm32.13.3.rel1.win32_1.0.0.202411081344/tools/bin/../lib/gcc/arm-none-eabi/13.3.1/../../../../arm-none-eabi/lib/thumb/v7e-m+fp/hard\libc.a
LOAD C:/ST/STM32CubeIDE_1.19.0/STM32CubeIDE/plugins/com.st.stm32cube.ide.mcu.externaltools.gnu-tools-for-stm32.13.3.rel1.win32_1.0.0.202411081344/tools/bin/../lib/gcc/arm-none-eabi/13.3.1/../../../../arm-none-eabi/lib/thumb/v7e-m+fp/hard\libm.a
LOAD C:/ST/STM32CubeIDE_1.19.0/STM32CubeIDE/plugins/com.st.stm32cube.ide.mcu.externaltools.gnu-tools-for-stm32.13.3.rel1.win32_1.0.0.202411081344/tools/bin/../lib/gcc/arm-none-eabi/13.3.1/thumb/v7e-m+fp/hard\libgcc.a

.debug_info     0x00000000    0x15006
 .debug_info    0x00000000     0x14ba ./Core/Src/main.o
 .debug_info    0x000014ba     0x1083 ./Core/Src/stm32g4xx_hal_msp.o
 .debug_info    0x0000253d      0x632 ./Core/Src/stm32g4xx_it.o
 .debug_info    0x00002b6f      0x58e ./Core/Src/system_stm32g4xx.o
 .debug_info    0x000030fd       0x30 ./Core/Startup/startup_stm32g431kbux.o
 .debug_info    0x0000312d      0xadb ./Drivers/STM32G4xx_HAL_Driver/Src/stm32g4xx_hal.o
 .debug_info    0x00003c08     0x2063 ./Drivers/STM32G4xx_HAL_Driver/Src/stm32g4xx_hal_adc.o
 .debug_info    0x00005c6b     0x1d80 ./Drivers/STM32G4xx_HAL_Driver/Src/stm32g4xx_hal_adc_ex.o
 .debug_info    0x000079eb      0xd3f ./Drivers/STM32G4xx_HAL_Driver/Src/stm32g4xx_hal_cortex.o
 .debug_info    0x0000872a      0xcbc ./Drivers/STM32G4xx_HAL_Driver/Src/stm32g4xx_hal_dac.o
 .debug_info    0x000093e6      0x763 ./Drivers/STM32G4xx_HAL_Driver/Src/stm32g4xx_hal_gpio.o
 .debug_info    0x00009b49     0x1610 ./Drivers/STM32G4xx_HAL_Driver/Src/stm32g4xx_hal_pcd.o
 .debug_info    0x0000b159      0x80a ./Drivers/STM32G4xx_HAL_Driver/Src/stm32g4xx_hal_pcd_ex.o
 .debug_info    0x0000b963      0x93f ./Drivers/STM32G4xx_HAL_Driver/Src/stm32g4xx_hal_pwr_ex.o
 .debug_info    0x0000c2a2      0xb82 ./Drivers/STM32G4xx_HAL_Driver/Src/stm32g4xx_hal_rcc.o
 .debug_info    0x0000ce24      0xc15 ./Drivers/STM32G4xx_HAL_Driver/Src/stm32g4xx_hal_rcc_ex.o
 .debug_info    0x0000da39     0x1577 ./Drivers/STM32G4xx_HAL_Driver/Src/stm32g4xx_ll_usb.o
 .debug_info    0x0000efb0     0x1124 ./Middlewares/ST/STM32_USB_Device_Library/Class/CDC/Src/usbd_cdc.o
 .debug_info    0x000100d4      0xb1b ./Middlewares/ST/STM32_USB_Device_Library/Core/Src/usbd_core.o
 .debug_info    0x00010bef      0xa57 ./Middlewares/ST/STM32_USB_Device_Library/Core/Src/usbd_ctlreq.o
 .debug_info    0x00011646      0x720 ./Middlewares/ST/STM32_USB_Device_Library/Core/Src/usbd_ioreq.o
 .debug_info    0x00011d66      0x6d7 ./USB_Device/App/usb_device.o
 .debug_info    0x0001243d      0xaae ./USB_Device/App/usbd_cdc_if.o
 .debug_info    0x00012eeb      0x45f ./USB_Device/App/usbd_desc.o
 .debug_info    0x0001334a     0x1cbc ./USB_Device/Target/usbd_conf.o

.debug_abbrev   0x00000000     0x37cb
 .debug_abbrev  0x00000000      0x269 ./Core/Src/main.o
 .debug_abbrev  0x00000269      0x1db ./Core/Src/stm32g4xx_hal_msp.o
 .debug_abbrev  0x00000444      0x192 ./Core/Src/stm32g4xx_it.o
 .debug_abbrev  0x000005d6      0x11a ./Core/Src/system_stm32g4xx.o
 .debug_abbrev  0x000006f0       0x24 ./Core/Startup/startup_stm32g431kbux.o
 .debug_abbrev  0x00000714      0x271 ./Drivers/STM32G4xx_HAL_Driver/Src/stm32g4xx_hal.o
 .debug_abbrev  0x00000985      0x2d3 ./Drivers/STM32G4xx_HAL_Driver/Src/stm32g4xx_hal_adc.o
 .debug_abbrev  0x00000c58      0x2ee ./Drivers/STM32G4xx_HAL_Driver/Src/stm32g4xx_hal_adc_ex.o
 .debug_abbrev  0x00000f46      0x31c ./Drivers/STM32G4xx_HAL_Driver/Src/stm32g4xx_hal_cortex.o
 .debug_abbrev  0x00001262      0x231 ./Drivers/STM32G4xx_HAL_Driver/Src/stm32g4xx_hal_dac.o
 .debug_abbrev  0x00001493      0x1cb ./Drivers/STM32G4xx_HAL_Driver/Src/stm32g4xx_hal_gpio.o
 .debug_abbrev  0x0000165e      0x2b9 ./Drivers/STM32G4xx_HAL_Driver/Src/stm32g4xx_hal_pcd.o
 .debug_abbrev  0x00001917      0x228 ./Drivers/STM32G4xx_HAL_Driver/Src/stm32g4xx_hal_pcd_ex.o
 .debug_abbrev  0x00001b3f      0x22c ./Drivers/STM32G4xx_HAL_Driver/Src/stm32g4xx_hal_pwr_ex.o
 .debug_abbrev  0x00001d6b      0x2c9 ./Drivers/STM32G4xx_HAL_Driver/Src/stm32g4xx_hal_rcc.o
 .debug_abbrev  0x00002034      0x258 ./Drivers/STM32G4xx_HAL_Driver/Src/stm32g4xx_hal_rcc_ex.o
 .debug_abbrev  0x0000228c      0x247 ./Drivers/STM32G4xx_HAL_Driver/Src/stm32g4xx_ll_usb.o
 .debug_abbrev  0x000024d3      0x2bc ./Middlewares/ST/STM32_USB_Device_Library/Class/CDC/Src/usbd_cdc.o
 .debug_abbrev  0x0000278f      0x24f ./Middlewares/ST/STM32_USB_Device_Library/Core/Src/usbd_core.o
 .debug_abbrev  0x000029de      0x27e ./Middlewares/ST/STM32_USB_Device_Library/Core/Src/usbd_ctlreq.o
 .debug_abbrev  0x00002c5c      0x1a9 ./Middlewares/ST/STM32_USB_Device_Library/Core/Src/usbd_ioreq.o
 .debug_abbrev  0x00002e05      0x1a4 ./USB_Device/App/usb_device.o
 .debug_abbrev  0x00002fa9      0x2e8 ./USB_Device/App/usbd_cdc_if.o
 .debug_abbrev  0x00003291      0x20e ./USB_Device/App/usbd_desc.o
 .debug_abbrev  0x0000349f      0x32c ./USB_Device/Target/usbd_conf.o

.debug_aranges  0x00000000     0x11c0
 .debug_aranges
                0x00000000       0x48 ./Core/Src/main.o
 .debug_aranges
                0x00000048       0x40 ./Core/Src/stm32g4xx_hal_msp.o
 .debug_aranges
                0x00000088       0x68 ./Core/Src/stm32g4xx_it.o
 .debug_aranges
                0x000000f0       0x28 ./Core/Src/system_stm32g4xx.o
 .debug_aranges
                0x00000118       0x28 ./Core/Startup/startup_stm32g431kbux.o
 .debug_aranges
                0x00000140      0x148 ./Drivers/STM32G4xx_HAL_Driver/Src/stm32g4xx_hal.o
 .debug_aranges
                0x00000288      0x248 ./Drivers/STM32G4xx_HAL_Driver/Src/stm32g4xx_hal_adc.o
 .debug_aranges
                0x000004d0      0x1c0 ./Drivers/STM32G4xx_HAL_Driver/Src/stm32g4xx_hal_adc_ex.o
 .debug_aranges
                0x00000690      0x128 ./Drivers/STM32G4xx_HAL_Driver/Src/stm32g4xx_hal_cortex.o
 .debug_aranges
                0x000007b8       0xc0 ./Drivers/STM32G4xx_HAL_Driver/Src/stm32g4xx_hal_dac.o
 .debug_aranges
                0x00000878       0x58 ./Drivers/STM32G4xx_HAL_Driver/Src/stm32g4xx_hal_gpio.o
 .debug_aranges
                0x000008d0      0x138 ./Drivers/STM32G4xx_HAL_Driver/Src/stm32g4xx_hal_pcd.o
 .debug_aranges
                0x00000a08       0x58 ./Drivers/STM32G4xx_HAL_Driver/Src/stm32g4xx_hal_pcd_ex.o
 .debug_aranges
                0x00000a60      0x140 ./Drivers/STM32G4xx_HAL_Driver/Src/stm32g4xx_hal_pwr_ex.o
 .debug_aranges
                0x00000ba0       0x98 ./Drivers/STM32G4xx_HAL_Driver/Src/stm32g4xx_hal_rcc.o
 .debug_aranges
                0x00000c38       0xb0 ./Drivers/STM32G4xx_HAL_Driver/Src/stm32g4xx_hal_rcc_ex.o
 .debug_aranges
                0x00000ce8       0xc8 ./Drivers/STM32G4xx_HAL_Driver/Src/stm32g4xx_ll_usb.o
 .debug_aranges
                0x00000db0       0x90 ./Middlewares/ST/STM32_USB_Device_Library/Class/CDC/Src/usbd_cdc.o
 .debug_aranges
                0x00000e40       0xb8 ./Middlewares/ST/STM32_USB_Device_Library/Core/Src/usbd_core.o
 .debug_aranges
                0x00000ef8       0x90 ./Middlewares/ST/STM32_USB_Device_Library/Core/Src/usbd_ctlreq.o
 .debug_aranges
                0x00000f88       0x50 ./Middlewares/ST/STM32_USB_Device_Library/Core/Src/usbd_ioreq.o
 .debug_aranges
                0x00000fd8       0x20 ./USB_Device/App/usb_device.o
 .debug_aranges
                0x00000ff8       0x48 ./USB_Device/App/usbd_cdc_if.o
 .debug_aranges
                0x00001040       0x60 ./USB_Device/App/usbd_desc.o
 .debug_aranges
                0x000010a0      0x120 ./USB_Device/Target/usbd_conf.o

.debug_rnglists
                0x00000000      0xd38
 .debug_rnglists
                0x00000000       0x35 ./Core/Src/main.o
 .debug_rnglists
                0x00000035       0x2c ./Core/Src/stm32g4xx_hal_msp.o
 .debug_rnglists
                0x00000061       0x49 ./Core/Src/stm32g4xx_it.o
 .debug_rnglists
                0x000000aa       0x1a ./Core/Src/system_stm32g4xx.o
 .debug_rnglists
                0x000000c4       0x19 ./Core/Startup/startup_stm32g431kbux.o
 .debug_rnglists
                0x000000dd       0xf1 ./Drivers/STM32G4xx_HAL_Driver/Src/stm32g4xx_hal.o
 .debug_rnglists
                0x000001ce      0x1c0 ./Drivers/STM32G4xx_HAL_Driver/Src/stm32g4xx_hal_adc.o
 .debug_rnglists
                0x0000038e      0x15a ./Drivers/STM32G4xx_HAL_Driver/Src/stm32g4xx_hal_adc_ex.o
 .debug_rnglists
                0x000004e8       0xda ./Drivers/STM32G4xx_HAL_Driver/Src/stm32g4xx_hal_cortex.o
 .debug_rnglists
                0x000005c2       0x90 ./Drivers/STM32G4xx_HAL_Driver/Src/stm32g4xx_hal_dac.o
 .debug_rnglists
                0x00000652       0x3f ./Drivers/STM32G4xx_HAL_Driver/Src/stm32g4xx_hal_gpio.o
 .debug_rnglists
                0x00000691       0xee ./Drivers/STM32G4xx_HAL_Driver/Src/stm32g4xx_hal_pcd.o
 .debug_rnglists
                0x0000077f       0x3f ./Drivers/STM32G4xx_HAL_Driver/Src/stm32g4xx_hal_pcd_ex.o
 .debug_rnglists
                0x000007be       0xf1 ./Drivers/STM32G4xx_HAL_Driver/Src/stm32g4xx_hal_pwr_ex.o
 .debug_rnglists
                0x000008af       0x74 ./Drivers/STM32G4xx_HAL_Driver/Src/stm32g4xx_hal_rcc.o
 .debug_rnglists
                0x00000923       0x87 ./Drivers/STM32G4xx_HAL_Driver/Src/stm32g4xx_hal_rcc_ex.o
 .debug_rnglists
                0x000009aa       0x99 ./Drivers/STM32G4xx_HAL_Driver/Src/stm32g4xx_ll_usb.o
 .debug_rnglists
                0x00000a43       0x6a ./Middlewares/ST/STM32_USB_Device_Library/Class/CDC/Src/usbd_cdc.o
 .debug_rnglists
                0x00000aad       0x89 ./Middlewares/ST/STM32_USB_Device_Library/Core/Src/usbd_core.o
 .debug_rnglists
                0x00000b36       0x6e ./Middlewares/ST/STM32_USB_Device_Library/Core/Src/usbd_ctlreq.o
 .debug_rnglists
                0x00000ba4       0x37 ./Middlewares/ST/STM32_USB_Device_Library/Core/Src/usbd_ioreq.o
 .debug_rnglists
                0x00000bdb       0x13 ./USB_Device/App/usb_device.o
 .debug_rnglists
                0x00000bee       0x33 ./USB_Device/App/usbd_cdc_if.o
 .debug_rnglists
                0x00000c21       0x43 ./USB_Device/App/usbd_desc.o
 .debug_rnglists
                0x00000c64       0xd4 ./USB_Device/Target/usbd_conf.o

.debug_macro    0x00000000    0x21653
 .debug_macro   0x00000000      0x38c ./Core/Src/main.o
 .debug_macro   0x0000038c      0xad8 ./Core/Src/main.o
 .debug_macro   0x00000e64      0x161 ./Core/Src/main.o
 .debug_macro   0x00000fc5       0x2e ./Core/Src/main.o
 .debug_macro   0x00000ff3       0x28 ./Core/Src/main.o
 .debug_macro   0x0000101b       0x22 ./Core/Src/main.o
 .debug_macro   0x0000103d       0x8e ./Core/Src/main.o
 .debug_macro   0x000010cb       0x51 ./Core/Src/main.o
 .debug_macro   0x0000111c      0x103 ./Core/Src/main.o
 .debug_macro   0x0000121f       0x6a ./Core/Src/main.o
 .debug_macro   0x00001289      0x1df ./Core/Src/main.o
 .debug_macro   0x00001468       0x1c ./Core/Src/main.o
 .debug_macro   0x00001484       0x22 ./Core/Src/main.o
 .debug_macro   0x000014a6       0xfb ./Core/Src/main.o
 .debug_macro   0x000015a1     0x1011 ./Core/Src/main.o
 .debug_macro   0x000025b2      0x11f ./Core/Src/main.o
 .debug_macro   0x000026d1    0x1138f ./Core/Src/main.o
 .debug_macro   0x00013a60       0x6d ./Core/Src/main.o
 .debug_macro   0x00013acd     0x3558 ./Core/Src/main.o
 .debug_macro   0x00017025      0x190 ./Core/Src/main.o
 .debug_macro   0x000171b5       0x5c ./Core/Src/main.o
 .debug_macro   0x00017211     0x141d ./Core/Src/main.o
 .debug_macro   0x0001862e      0x535 ./Core/Src/main.o
 .debug_macro   0x00018b63      0x1b6 ./Core/Src/main.o
 .debug_macro   0x00018d19      0x288 ./Core/Src/main.o
 .debug_macro   0x00018fa1      0x41d ./Core/Src/main.o
 .debug_macro   0x000193be      0x18b ./Core/Src/main.o
 .debug_macro   0x00019549       0x43 ./Core/Src/main.o
 .debug_macro   0x0001958c      0x23d ./Core/Src/main.o
 .debug_macro   0x000197c9     0x1112 ./Core/Src/main.o
 .debug_macro   0x0001a8db      0x72e ./Core/Src/main.o
 .debug_macro   0x0001b009      0x391 ./Core/Src/main.o
 .debug_macro   0x0001b39a      0x209 ./Core/Src/main.o
 .debug_macro   0x0001b5a3      0x108 ./Core/Src/main.o
 .debug_macro   0x0001b6ab      0x211 ./Core/Src/main.o
 .debug_macro   0x0001b8bc      0x401 ./Core/Src/main.o
 .debug_macro   0x0001bcbd      0x107 ./Core/Src/main.o
 .debug_macro   0x0001bdc4       0x73 ./Core/Src/main.o
 .debug_macro   0x0001be37      0x22d ./Core/Src/main.o
 .debug_macro   0x0001c064      0x122 ./Core/Src/main.o
 .debug_macro   0x0001c186      0x3d1 ./Core/Src/main.o
 .debug_macro   0x0001c557      0x306 ./Core/Src/main.o
 .debug_macro   0x0001c85d       0x4c ./Core/Src/main.o
 .debug_macro   0x0001c8a9       0x61 ./Core/Src/main.o
 .debug_macro   0x0001c90a       0x2a ./Core/Src/main.o
 .debug_macro   0x0001c934       0x43 ./Core/Src/main.o
 .debug_macro   0x0001c977       0x34 ./Core/Src/main.o
 .debug_macro   0x0001c9ab       0x16 ./Core/Src/main.o
 .debug_macro   0x0001c9c1       0x3c ./Core/Src/main.o
 .debug_macro   0x0001c9fd      0x370 ./Core/Src/main.o
 .debug_macro   0x0001cd6d       0x10 ./Core/Src/main.o
 .debug_macro   0x0001cd7d       0x16 ./Core/Src/main.o
 .debug_macro   0x0001cd93       0x4a ./Core/Src/main.o
 .debug_macro   0x0001cddd       0x34 ./Core/Src/main.o
 .debug_macro   0x0001ce11       0x10 ./Core/Src/main.o
 .debug_macro   0x0001ce21       0x58 ./Core/Src/main.o
 .debug_macro   0x0001ce79       0x8e ./Core/Src/main.o
 .debug_macro   0x0001cf07       0x1c ./Core/Src/main.o
 .debug_macro   0x0001cf23      0x185 ./Core/Src/main.o
 .debug_macro   0x0001d0a8       0x16 ./Core/Src/main.o
 .debug_macro   0x0001d0be       0x16 ./Core/Src/main.o
 .debug_macro   0x0001d0d4      0x146 ./Core/Src/main.o
 .debug_macro   0x0001d21a       0x16 ./Core/Src/main.o
 .debug_macro   0x0001d230       0x16 ./Core/Src/main.o
 .debug_macro   0x0001d246       0x29 ./Core/Src/main.o
 .debug_macro   0x0001d26f       0x16 ./Core/Src/main.o
 .debug_macro   0x0001d285       0x20 ./Core/Src/main.o
 .debug_macro   0x0001d2a5       0x5f ./Core/Src/main.o
 .debug_macro   0x0001d304      0x1ef ./Core/Src/main.o
 .debug_macro   0x0001d4f3      0x210 ./Core/Src/stm32g4xx_hal_msp.o
 .debug_macro   0x0001d703      0x21a ./Core/Src/stm32g4xx_it.o
 .debug_macro   0x0001d91d      0x201 ./Core/Src/system_stm32g4xx.o
 .debug_macro   0x0001db1e      0x24f ./Drivers/STM32G4xx_HAL_Driver/Src/stm32g4xx_hal.o
 .debug_macro   0x0001dd6d      0x21e ./Drivers/STM32G4xx_HAL_Driver/Src/stm32g4xx_hal_adc.o
 .debug_macro   0x0001df8b      0x20d ./Drivers/STM32G4xx_HAL_Driver/Src/stm32g4xx_hal_adc_ex.o
 .debug_macro   0x0001e198      0x201 ./Drivers/STM32G4xx_HAL_Driver/Src/stm32g4xx_hal_cortex.o
 .debug_macro   0x0001e399      0x217 ./Drivers/STM32G4xx_HAL_Driver/Src/stm32g4xx_hal_dac.o
 .debug_macro   0x0001e5b0      0x208 ./Drivers/STM32G4xx_HAL_Driver/Src/stm32g4xx_hal_gpio.o
 .debug_macro   0x0001e7b8      0x20d ./Drivers/STM32G4xx_HAL_Driver/Src/stm32g4xx_hal_pcd.o
 .debug_macro   0x0001e9c5      0x201 ./Drivers/STM32G4xx_HAL_Driver/Src/stm32g4xx_hal_pcd_ex.o
 .debug_macro   0x0001ebc6      0x22b ./Drivers/STM32G4xx_HAL_Driver/Src/stm32g4xx_hal_pwr_ex.o
 .debug_macro   0x0001edf1      0x243 ./Drivers/STM32G4xx_HAL_Driver/Src/stm32g4xx_hal_rcc.o
 .debug_macro   0x0001f034      0x22b ./Drivers/STM32G4xx_HAL_Driver/Src/stm32g4xx_hal_rcc_ex.o
 .debug_macro   0x0001f25f      0x201 ./Drivers/STM32G4xx_HAL_Driver/Src/stm32g4xx_ll_usb.o
 .debug_macro   0x0001f460      0x390 ./Middlewares/ST/STM32_USB_Device_Library/Class/CDC/Src/usbd_cdc.o
 .debug_macro   0x0001f7f0       0x9e ./Middlewares/ST/STM32_USB_Device_Library/Class/CDC/Src/usbd_cdc.o
 .debug_macro   0x0001f88e      0x112 ./Middlewares/ST/STM32_USB_Device_Library/Class/CDC/Src/usbd_cdc.o
 .debug_macro   0x0001f9a0       0x56 ./Middlewares/ST/STM32_USB_Device_Library/Class/CDC/Src/usbd_cdc.o
 .debug_macro   0x0001f9f6       0x95 ./Middlewares/ST/STM32_USB_Device_Library/Class/CDC/Src/usbd_cdc.o
 .debug_macro   0x0001fa8b      0x377 ./Middlewares/ST/STM32_USB_Device_Library/Core/Src/usbd_core.o
 .debug_macro   0x0001fe02      0x1f5 ./Middlewares/ST/STM32_USB_Device_Library/Core/Src/usbd_core.o
 .debug_macro   0x0001fff7      0x381 ./Middlewares/ST/STM32_USB_Device_Library/Core/Src/usbd_ctlreq.o
 .debug_macro   0x00020378      0x37d ./Middlewares/ST/STM32_USB_Device_Library/Core/Src/usbd_ioreq.o
 .debug_macro   0x000206f5      0x3b6 ./USB_Device/App/usb_device.o
 .debug_macro   0x00020aab       0x22 ./USB_Device/App/usb_device.o
 .debug_macro   0x00020acd       0x16 ./USB_Device/App/usb_device.o
 .debug_macro   0x00020ae3      0x3a4 ./USB_Device/App/usbd_cdc_if.o
 .debug_macro   0x00020e87       0x10 ./USB_Device/App/usbd_cdc_if.o
 .debug_macro   0x00020e97       0x52 ./USB_Device/App/usbd_cdc_if.o
 .debug_macro   0x00020ee9      0x3b4 ./USB_Device/App/usbd_desc.o
 .debug_macro   0x0002129d       0x1c ./USB_Device/App/usbd_desc.o
 .debug_macro   0x000212b9      0x39a ./USB_Device/Target/usbd_conf.o

.debug_line     0x00000000    0x156de
 .debug_line    0x00000000      0xbf3 ./Core/Src/main.o
 .debug_line    0x00000bf3      0x863 ./Core/Src/stm32g4xx_hal_msp.o
 .debug_line    0x00001456      0x883 ./Core/Src/stm32g4xx_it.o
 .debug_line    0x00001cd9      0x829 ./Core/Src/system_stm32g4xx.o
 .debug_line    0x00002502       0x7b ./Core/Startup/startup_stm32g431kbux.o
 .debug_line    0x0000257d      0xbf5 ./Drivers/STM32G4xx_HAL_Driver/Src/stm32g4xx_hal.o
 .debug_line    0x00003172     0x1fff ./Drivers/STM32G4xx_HAL_Driver/Src/stm32g4xx_hal_adc.o
 .debug_line    0x00005171     0x1a16 ./Drivers/STM32G4xx_HAL_Driver/Src/stm32g4xx_hal_adc_ex.o
 .debug_line    0x00006b87      0xd5a ./Drivers/STM32G4xx_HAL_Driver/Src/stm32g4xx_hal_cortex.o
 .debug_line    0x000078e1      0xd65 ./Drivers/STM32G4xx_HAL_Driver/Src/stm32g4xx_hal_dac.o
 .debug_line    0x00008646      0xbce ./Drivers/STM32G4xx_HAL_Driver/Src/stm32g4xx_hal_gpio.o
 .debug_line    0x00009214     0x1374 ./Drivers/STM32G4xx_HAL_Driver/Src/stm32g4xx_hal_pcd.o
 .debug_line    0x0000a588      0x95e ./Drivers/STM32G4xx_HAL_Driver/Src/stm32g4xx_hal_pcd_ex.o
 .debug_line    0x0000aee6      0xd54 ./Drivers/STM32G4xx_HAL_Driver/Src/stm32g4xx_hal_pwr_ex.o
 .debug_line    0x0000bc3a     0x1078 ./Drivers/STM32G4xx_HAL_Driver/Src/stm32g4xx_hal_rcc.o
 .debug_line    0x0000ccb2     0x11a4 ./Drivers/STM32G4xx_HAL_Driver/Src/stm32g4xx_hal_rcc_ex.o
 .debug_line    0x0000de56     0x107a ./Drivers/STM32G4xx_HAL_Driver/Src/stm32g4xx_ll_usb.o
 .debug_line    0x0000eed0      0xde7 ./Middlewares/ST/STM32_USB_Device_Library/Class/CDC/Src/usbd_cdc.o
 .debug_line    0x0000fcb7      0xe6b ./Middlewares/ST/STM32_USB_Device_Library/Core/Src/usbd_core.o
 .debug_line    0x00010b22     0x1102 ./Middlewares/ST/STM32_USB_Device_Library/Core/Src/usbd_ctlreq.o
 .debug_line    0x00011c24      0xaca ./Middlewares/ST/STM32_USB_Device_Library/Core/Src/usbd_ioreq.o
 .debug_line    0x000126ee      0xa96 ./USB_Device/App/usb_device.o
 .debug_line    0x00013184      0xb31 ./USB_Device/App/usbd_cdc_if.o
 .debug_line    0x00013cb5      0xb3f ./USB_Device/App/usbd_desc.o
 .debug_line    0x000147f4      0xeea ./USB_Device/Target/usbd_conf.o

.debug_str      0x00000000    0xcd14b
 .debug_str     0x00000000    0xcd14b ./Core/Src/main.o
                              0xc86a3 (size before relaxing)
 .debug_str     0x000cd14b    0xc409f ./Core/Src/stm32g4xx_hal_msp.o
 .debug_str     0x000cd14b    0xc3a42 ./Core/Src/stm32g4xx_it.o
 .debug_str     0x000cd14b    0xc36e3 ./Core/Src/system_stm32g4xx.o
 .debug_str     0x000cd14b       0x7f ./Core/Startup/startup_stm32g431kbux.o
 .debug_str     0x000cd14b    0xc4222 ./Drivers/STM32G4xx_HAL_Driver/Src/stm32g4xx_hal.o
 .debug_str     0x000cd14b    0xc4710 ./Drivers/STM32G4xx_HAL_Driver/Src/stm32g4xx_hal_adc.o
 .debug_str     0x000cd14b    0xc46b6 ./Drivers/STM32G4xx_HAL_Driver/Src/stm32g4xx_hal_adc_ex.o
 .debug_str     0x000cd14b    0xc3ede ./Drivers/STM32G4xx_HAL_Driver/Src/stm32g4xx_hal_cortex.o
 .debug_str     0x000cd14b    0xc3db8 ./Drivers/STM32G4xx_HAL_Driver/Src/stm32g4xx_hal_dac.o
 .debug_str     0x000cd14b    0xc386e ./Drivers/STM32G4xx_HAL_Driver/Src/stm32g4xx_hal_gpio.o
 .debug_str     0x000cd14b    0xc3e5f ./Drivers/STM32G4xx_HAL_Driver/Src/stm32g4xx_hal_pcd.o
 .debug_str     0x000cd14b    0xc3a9b ./Drivers/STM32G4xx_HAL_Driver/Src/stm32g4xx_hal_pcd_ex.o
 .debug_str     0x000cd14b    0xc3bd1 ./Drivers/STM32G4xx_HAL_Driver/Src/stm32g4xx_hal_pwr_ex.o
 .debug_str     0x000cd14b    0xc3ddc ./Drivers/STM32G4xx_HAL_Driver/Src/stm32g4xx_hal_rcc.o
 .debug_str     0x000cd14b    0xc3ddd ./Drivers/STM32G4xx_HAL_Driver/Src/stm32g4xx_hal_rcc_ex.o
 .debug_str     0x000cd14b    0xc399c ./Drivers/STM32G4xx_HAL_Driver/Src/stm32g4xx_ll_usb.o
 .debug_str     0x000cd14b    0xc85ba ./Middlewares/ST/STM32_USB_Device_Library/Class/CDC/Src/usbd_cdc.o
 .debug_str     0x000cd14b    0xc7e96 ./Middlewares/ST/STM32_USB_Device_Library/Core/Src/usbd_core.o
 .debug_str     0x000cd14b    0xc7de8 ./Middlewares/ST/STM32_USB_Device_Library/Core/Src/usbd_ctlreq.o
 .debug_str     0x000cd14b    0xc7cdd ./Middlewares/ST/STM32_USB_Device_Library/Core/Src/usbd_ioreq.o
 .debug_str     0x000cd14b    0xc8091 ./USB_Device/App/usb_device.o
 .debug_str     0x000cd14b    0xc824f ./USB_Device/App/usbd_cdc_if.o
 .debug_str     0x000cd14b    0xc7be7 ./USB_Device/App/usbd_desc.o
 .debug_str     0x000cd14b    0xc8f50 ./USB_Device/Target/usbd_conf.o

.comment        0x00000000       0x43
 .comment       0x00000000       0x43 ./Core/Src/main.o
                                 0x44 (size before relaxing)
 .comment       0x00000043       0x44 ./Core/Src/stm32g4xx_hal_msp.o
 .comment       0x00000043       0x44 ./Core/Src/stm32g4xx_it.o
 .comment       0x00000043       0x44 ./Core/Src/system_stm32g4xx.o
 .comment       0x00000043       0x44 ./Drivers/STM32G4xx_HAL_Driver/Src/stm32g4xx_hal.o
 .comment       0x00000043       0x44 ./Drivers/STM32G4xx_HAL_Driver/Src/stm32g4xx_hal_adc.o
 .comment       0x00000043       0x44 ./Drivers/STM32G4xx_HAL_Driver/Src/stm32g4xx_hal_adc_ex.o
 .comment       0x00000043       0x44 ./Drivers/STM32G4xx_HAL_Driver/Src/stm32g4xx_hal_cortex.o
 .comment       0x00000043       0x44 ./Drivers/STM32G4xx_HAL_Driver/Src/stm32g4xx_hal_dac.o
 .comment       0x00000043       0x44 ./Drivers/STM32G4xx_HAL_Driver/Src/stm32g4xx_hal_gpio.o
 .comment       0x00000043       0x44 ./Drivers/STM32G4xx_HAL_Driver/Src/stm32g4xx_hal_pcd.o
 .comment       0x00000043       0x44 ./Drivers/STM32G4xx_HAL_Driver/Src/stm32g4xx_hal_pcd_ex.o
 .comment       0x00000043       0x44 ./Drivers/STM32G4xx_HAL_Driver/Src/stm32g4xx_hal_pwr_ex.o
 .comment       0x00000043       0x44 ./Drivers/STM32G4xx_HAL_Driver/Src/stm32g4xx_hal_rcc.o
 .comment       0x00000043       0x44 ./Drivers/STM32G4xx_HAL_Driver/Src/stm32g4xx_hal_rcc_ex.o
 .comment       0x00000043       0x44 ./Drivers/STM32G4xx_HAL_Driver/Src/stm32g4xx_ll_usb.o
 .comment       0x00000043       0x44 ./Middlewares/ST/STM32_USB_Device_Library/Class/CDC/Src/usbd_cdc.o
 .comment       0x00000043       0x44 ./Middlewares/ST/STM32_USB_Device_Library/Core/Src/usbd_core.o
 .comment       0x00000043       0x44 ./Middlewares/ST/STM32_USB_Device_Library/Core/Src/usbd_ctlreq.o
 .comment       0x00000043       0x44 ./Middlewares/ST/STM32_USB_Device_Library/Core/Src/usbd_ioreq.o
 .comment       0x00000043       0x44 ./USB_Device/App/usb_device.o
 .comment       0x00000043       0x44 ./USB_Device/App/usbd_cdc_if.o
 .comment       0x00000043       0x44 ./USB_Device/App/usbd_desc.o
 .comment       0x00000043       0x44 ./USB_Device/Target/usbd_conf.o

.debug_frame    0x00000000     0x48ac
 .debug_frame   0x00000000       0xd8 ./Core/Src/main.o
 .debug_frame   0x000000d8       0xc4 ./Core/Src/stm32g4xx_hal_msp.o
 .debug_frame   0x0000019c      0x120 ./Core/Src/stm32g4xx_it.o
 .debug_frame   0x000002bc       0x58 ./Core/Src/system_stm32g4xx.o
 .debug_frame   0x00000314      0x500 ./Drivers/STM32G4xx_HAL_Driver/Src/stm32g4xx_hal.o
 .debug_frame   0x00000814      0xacc ./Drivers/STM32G4xx_HAL_Driver/Src/stm32g4xx_hal_adc.o
 .debug_frame   0x000012e0      0x81c ./Drivers/STM32G4xx_HAL_Driver/Src/stm32g4xx_hal_adc_ex.o
 .debug_frame   0x00001afc      0x4e8 ./Drivers/STM32G4xx_HAL_Driver/Src/stm32g4xx_hal_cortex.o
 .debug_frame   0x00001fe4      0x338 ./Drivers/STM32G4xx_HAL_Driver/Src/stm32g4xx_hal_dac.o
 .debug_frame   0x0000231c      0x14c ./Drivers/STM32G4xx_HAL_Driver/Src/stm32g4xx_hal_gpio.o
 .debug_frame   0x00002468      0x56c ./Drivers/STM32G4xx_HAL_Driver/Src/stm32g4xx_hal_pcd.o
 .debug_frame   0x000029d4      0x14c ./Drivers/STM32G4xx_HAL_Driver/Src/stm32g4xx_hal_pcd_ex.o
 .debug_frame   0x00002b20      0x4fc ./Drivers/STM32G4xx_HAL_Driver/Src/stm32g4xx_hal_pwr_ex.o
 .debug_frame   0x0000301c      0x23c ./Drivers/STM32G4xx_HAL_Driver/Src/stm32g4xx_hal_rcc.o
 .debug_frame   0x00003258      0x2ac ./Drivers/STM32G4xx_HAL_Driver/Src/stm32g4xx_hal_rcc_ex.o
 .debug_frame   0x00003504      0x380 ./Drivers/STM32G4xx_HAL_Driver/Src/stm32g4xx_ll_usb.o
 .debug_frame   0x00003884      0x248 ./Middlewares/ST/STM32_USB_Device_Library/Class/CDC/Src/usbd_cdc.o
 .debug_frame   0x00003acc      0x2f4 ./Middlewares/ST/STM32_USB_Device_Library/Core/Src/usbd_core.o
 .debug_frame   0x00003dc0      0x23c ./Middlewares/ST/STM32_USB_Device_Library/Core/Src/usbd_ctlreq.o
 .debug_frame   0x00003ffc      0x10c ./Middlewares/ST/STM32_USB_Device_Library/Core/Src/usbd_ioreq.o
 .debug_frame   0x00004108       0x2c ./USB_Device/App/usb_device.o
 .debug_frame   0x00004134       0xe8 ./USB_Device/App/usbd_cdc_if.o
 .debug_frame   0x0000421c      0x160 ./USB_Device/App/usbd_desc.o
 .debug_frame   0x0000437c      0x4bc ./USB_Device/Target/usbd_conf.o
 .debug_frame   0x00004838       0x20 C:/ST/STM32CubeIDE_1.19.0/STM32CubeIDE/plugins/com.st.stm32cube.ide.mcu.externaltools.gnu-tools-for-stm32.13.3.rel1.win32_1.0.0.202411081344/tools/bin/../lib/gcc/arm-none-eabi/13.3.1/../../../../arm-none-eabi/lib/thumb/v7e-m+fp/hard\libc_nano.a(libc_a-memset.o)
 .debug_frame   0x00004858       0x28 C:/ST/STM32CubeIDE_1.19.0/STM32CubeIDE/plugins/com.st.stm32cube.ide.mcu.externaltools.gnu-tools-for-stm32.13.3.rel1.win32_1.0.0.202411081344/tools/bin/../lib/gcc/arm-none-eabi/13.3.1/../../../../arm-none-eabi/lib/thumb/v7e-m+fp/hard\libc_nano.a(libc_a-strncmp.o)
 .debug_frame   0x00004880       0x2c C:/ST/STM32CubeIDE_1.19.0/STM32CubeIDE/plugins/com.st.stm32cube.ide.mcu.externaltools.gnu-tools-for-stm32.13.3.rel1.win32_1.0.0.202411081344/tools/bin/../lib/gcc/arm-none-eabi/13.3.1/../../../../arm-none-eabi/lib/thumb/v7e-m+fp/hard\libc_nano.a(libc_a-init.o)

.debug_line_str
                0x00000000       0x63
 .debug_line_str
                0x00000000       0x63 ./Core/Startup/startup_stm32g431kbux.o
